Component: ARM Compiler 5.06 update 3 (build 300) Tool: armlink [4d35c9]

==============================================================================

Section Cross References

    startup_new.o(STACK) refers (Special) to heapauxi.o(.text) for __use_two_region_memory
    startup_new.o(HEAP) refers (Special) to heapauxi.o(.text) for __use_two_region_memory
    startup_new.o(RESET) refers (Special) to heapauxi.o(.text) for __use_two_region_memory
    startup_new.o(RESET) refers to startup_new.o(STACK) for __initial_sp
    startup_new.o(RESET) refers to startup_new.o(.text) for Reset_Handler
    startup_new.o(RESET) refers to osasm.o(.text) for SysTick_Handler
    startup_new.o(RESET) refers to os_hw.o(.text) for GPIOPortD_Handler
    startup_new.o(RESET) refers to adc_handler.o(.text) for ADC0Seq3_Handler
    startup_new.o(RESET) refers to interrupt_handler.o(.text) for Timer0A_Handler
    startup_new.o(RESET) refers to bsp_tm4c.o(.text) for WideTimer3A_Handler
    startup_new.o(.text) refers (Special) to heapauxi.o(.text) for __use_two_region_memory
    startup_new.o(.text) refers to __main.o(!!!main) for __main
    startup_new.o(.text) refers to startup_new.o(HEAP) for Heap_Mem
    startup_new.o(.text) refers to startup_new.o(STACK) for Stack_Mem
    main.o(.text) refers to os_core.o(.text) for OS_Wait
    main.o(.text) refers to cyclic_activity_handler.o(.text) for CYCL_10_ms
    main.o(.text) refers to gpio.o(i.GPIOPinRead) for GPIOPinRead
    main.o(.text) refers to os_hw.o(.text) for OS_EdgeTrigger_Restart
    main.o(.text) refers to motion_handler.o(.text) for Motion_Stop
    main.o(.text) refers to sysctl.o(i.SysCtlClockGet) for SysCtlClockGet
    main.o(.text) refers to lcd_handler.o(.text) for LCD_init
    main.o(.text) refers to adc_handler.o(.text) for ADC_Temperature_Sensor_Init
    main.o(.text) refers to bsp_tm4c.o(.text) for BSP_Clock_GetFreq
    main.o(.text) refers to os_core.o(.bss) for PerTask
    main.o(.text) refers to os_hw.o(.bss) for SemPortF
    main.o(.text) refers to main.o(.data) for GPIO_PF0_SW2_Pressed
    main.o(.text) refers to main.o(.bss) for FifoADC_Temp
    adc_handler.o(.text) refers to sysctl.o(i.SysCtlPeripheralEnable) for SysCtlPeripheralEnable
    adc_handler.o(.text) refers to interrupt.o(i.IntDisable) for IntDisable
    adc_handler.o(.text) refers to adc.o(i.ADCIntClear) for ADCIntClear
    adc_handler.o(.text) refers to adc.o(i.ADCIntDisable) for ADCIntDisable
    adc_handler.o(.text) refers to adc.o(i.ADCSequenceDisable) for ADCSequenceDisable
    adc_handler.o(.text) refers to adc.o(i.ADCSequenceConfigure) for ADCSequenceConfigure
    adc_handler.o(.text) refers to adc.o(i.ADCSequenceStepConfigure) for ADCSequenceStepConfigure
    adc_handler.o(.text) refers to adc.o(i.ADCSequenceEnable) for ADCSequenceEnable
    adc_handler.o(.text) refers to adc.o(i.ADCIntEnable) for ADCIntEnable
    adc_handler.o(.text) refers to interrupt.o(i.IntPrioritySet) for IntPrioritySet
    adc_handler.o(.text) refers to interrupt.o(i.IntEnable) for IntEnable
    adc_handler.o(.text) refers to gpio.o(i.GPIOPinTypeADC) for GPIOPinTypeADC
    adc_handler.o(.text) refers to gpio.o(i.GPIODirModeSet) for GPIODirModeSet
    adc_handler.o(.text) refers to gpio.o(i.GPIOPadConfigSet) for GPIOPadConfigSet
    adc_handler.o(.text) refers to adc.o(i.ADCIntStatus) for ADCIntStatus
    adc_handler.o(.text) refers to adc.o(i.ADCSequenceDataGet) for ADCSequenceDataGet
    adc_handler.o(.text) refers to dflt_clz.o(x$fpl$dfltu) for __aeabi_ui2d
    adc_handler.o(.text) refers to dmul.o(x$fpl$dmul) for __aeabi_dmul
    adc_handler.o(.text) refers to ddiv.o(x$fpl$ddiv) for __aeabi_ddiv
    adc_handler.o(.text) refers to daddsub_clz.o(x$fpl$drsb) for __aeabi_drsub
    adc_handler.o(.text) refers to dfixu.o(x$fpl$dfixu) for __aeabi_d2uiz
    adc_handler.o(.text) refers to os_core.o(.text) for OS_FIFO_Put
    adc_handler.o(.text) refers to main.o(.bss) for FifoADC_Temp
    comparator_handler.o(.text) refers to sysctl.o(i.SysCtlPeripheralEnable) for SysCtlPeripheralEnable
    comparator_handler.o(.text) refers to interrupt.o(i.IntDisable) for IntDisable
    comparator_handler.o(.text) refers to comp.o(i.ComparatorIntDisable) for ComparatorIntDisable
    comparator_handler.o(.text) refers to gpio.o(i.GPIOPinTypeComparator) for GPIOPinTypeComparator
    comparator_handler.o(.text) refers to comp.o(i.ComparatorConfigure) for ComparatorConfigure
    comparator_handler.o(.text) refers to comp.o(i.ComparatorRefSet) for ComparatorRefSet
    comparator_handler.o(.text) refers to comp.o(i.ComparatorIntEnable) for ComparatorIntEnable
    comparator_handler.o(.text) refers to interrupt.o(i.IntPrioritySet) for IntPrioritySet
    comparator_handler.o(.text) refers to interrupt.o(i.IntEnable) for IntEnable
    cyclic_activity_handler.o(.text) refers to motion_handler.o(.text) for Motion_Calculate_Direction
[...]
    .ARM.Collect$$libinit$$0000001B          0x000002e6   Section        0  libinit2.o(.ARM.Collect$$libinit$$0000001B)
    .ARM.Collect$$libinit$$0000001D          0x000002e6   Section        0  libinit2.o(.ARM.Collect$$libinit$$0000001D)
    .ARM.Collect$$libinit$$0000001F          0x000002e6   Section        0  libinit2.o(.ARM.Collect$$libinit$$0000001F)
    .ARM.Collect$$libinit$$00000021          0x000002e6   Section        0  libinit2.o(.ARM.Collect$$libinit$$00000021)
    .ARM.Collect$$libinit$$00000023          0x000002e6   Section        0  libinit2.o(.ARM.Collect$$libinit$$00000023)
    .ARM.Collect$$libinit$$00000025          0x000002e6   Section        0  libinit2.o(.ARM.Collect$$libinit$$00000025)
    .ARM.Collect$$libinit$$0000002C          0x000002e6   Section        0  libinit2.o(.ARM.Collect$$libinit$$0000002C)
    .ARM.Collect$$libinit$$0000002E          0x000002e6   Section        0  libinit2.o(.ARM.Collect$$libinit$$0000002E)
    .ARM.Collect$$libinit$$00000030          0x000002e6   Section        0  libinit2.o(.ARM.Collect$$libinit$$00000030)
    .ARM.Collect$$libinit$$00000032          0x000002e6   Section        0  libinit2.o(.ARM.Collect$$libinit$$00000032)
    .ARM.Collect$$libinit$$00000033          0x000002e6   Section        2  libinit2.o(.ARM.Collect$$libinit$$00000033)
    .ARM.Collect$$libshutdown$$00000000      0x000002e8   Section        2  libshutdown.o(.ARM.Collect$$libshutdown$$00000000)
    .ARM.Collect$$libshutdown$$00000002      0x000002ea   Section        0  libshutdown2.o(.ARM.Collect$$libshutdown$$00000002)
    .ARM.Collect$$libshutdown$$00000004      0x000002ea   Section        0  libshutdown2.o(.ARM.Collect$$libshutdown$$00000004)
    .ARM.Collect$$libshutdown$$00000007      0x000002ea   Section        0  libshutdown2.o(.ARM.Collect$$libshutdown$$00000007)
    .ARM.Collect$$libshutdown$$0000000A      0x000002ea   Section        0  libshutdown2.o(.ARM.Collect$$libshutdown$$0000000A)
    .ARM.Collect$$libshutdown$$0000000C      0x000002ea   Section        0  libshutdown2.o(.ARM.Collect$$libshutdown$$0000000C)
    .ARM.Collect$$libshutdown$$0000000F      0x000002ea   Section        0  libshutdown2.o(.ARM.Collect$$libshutdown$$0000000F)
    .ARM.Collect$$libshutdown$$00000010      0x000002ea   Section        2  libshutdown2.o(.ARM.Collect$$libshutdown$$00000010)
    .ARM.Collect$$rtentry$$00000000          0x000002ec   Section        0  __rtentry.o(.ARM.Collect$$rtentry$$00000000)
    .ARM.Collect$$rtentry$$00000002          0x000002ec   Section        0  __rtentry2.o(.ARM.Collect$$rtentry$$00000002)
    .ARM.Collect$$rtentry$$00000004          0x000002ec   Section        6  __rtentry4.o(.ARM.Collect$$rtentry$$00000004)
    .ARM.Collect$$rtentry$$00000009          0x000002f2   Section        0  __rtentry2.o(.ARM.Collect$$rtentry$$00000009)
    .ARM.Collect$$rtentry$$0000000A          0x000002f2   Section        4  __rtentry2.o(.ARM.Collect$$rtentry$$0000000A)
    .ARM.Collect$$rtentry$$0000000C          0x000002f6   Section        0  __rtentry2.o(.ARM.Collect$$rtentry$$0000000C)
    .ARM.Collect$$rtentry$$0000000D          0x000002f6   Section        8  __rtentry2.o(.ARM.Collect$$rtentry$$0000000D)
    .ARM.Collect$$rtexit$$00000000           0x000002fe   Section        2  rtexit.o(.ARM.Collect$$rtexit$$00000000)
    .ARM.Collect$$rtexit$$00000002           0x00000300   Section        0  rtexit2.o(.ARM.Collect$$rtexit$$00000002)
    .ARM.Collect$$rtexit$$00000003           0x00000300   Section        4  rtexit2.o(.ARM.Collect$$rtexit$$00000003)
    .ARM.Collect$$rtexit$$00000004           0x00000304   Section        6  rtexit2.o(.ARM.Collect$$rtexit$$00000004)
    .emb_text                                0x0000030c   Section        6  bsp_tm4c.o(.emb_text)
    $v0                                      0x0000030c   Number         0  bsp_tm4c.o(.emb_text)
    .emb_text                                0x00000314   Section       38  cpu.o(.emb_text)
    $v0                                      0x00000314   Number         0  cpu.o(.emb_text)
    .text                                    0x0000033c   Section       88  startup_new.o(.text)
    $v0                                      0x0000033c   Number         0  startup_new.o(.text)
    .text                                    0x00000394   Section        0  main.o(.text)
    .text                                    0x00000538   Section        0  adc_handler.o(.text)
    .text                                    0x00000844   Section        0  cyclic_activity_handler.o(.text)
    .text                                    0x0000089c   Section        0  gpio_handler.o(.text)
    .text                                    0x000009d8   Section        0  interrupt_handler.o(.text)
    .text                                    0x00000a18   Section        0  lcd_handler.o(.text)
    LCD_write                                0x00000a19   Thumb Code    30  lcd_handler.o(.text)
    .text                                    0x00000ce0   Section        0  motion_handler.o(.text)
    .text                                    0x00000f00   Section        0  printing_handler.o(.text)
    .text                                    0x00001078   Section        0  pwm_handler.o(.text)
    .text                                    0x00001344   Section        0  ssi_handler.o(.text)
    .text                                    0x00001410   Section        0  timer_handler.o(.text)
    .text                                    0x00001538   Section        0  bsp_tm4c.o(.text)
    adcinit                                  0x00001637   Thumb Code    64  bsp_tm4c.o(.text)
    writecommand                             0x00001ecb   Thumb Code    62  bsp_tm4c.o(.text)
    writedata                                0x00001f09   Thumb Code    64  bsp_tm4c.o(.text)
    commandList                              0x00001f5f   Thumb Code    86  bsp_tm4c.o(.text)
    commonInit                               0x00001fb5   Thumb Code   452  bsp_tm4c.o(.text)
    setAddrWindow                            0x00002179   Thumb Code   184  bsp_tm4c.o(.text)
    ST7735_InitR                             0x00002307   Thumb Code    86  bsp_tm4c.o(.text)
    pushColor                                0x00002367   Thumb Code    18  bsp_tm4c.o(.text)
    fillmessage                              0x00002857   Thumb Code    64  bsp_tm4c.o(.text)
    fillmessage4                             0x00002897   Thumb Code    90  bsp_tm4c.o(.text)
    fillmessage5                             0x000028f1   Thumb Code   116  bsp_tm4c.o(.text)
    fillmessage2_1                           0x00002965   Thumb Code    90  bsp_tm4c.o(.text)
    fillmessage2_Hex                         0x000029bf   Thumb Code    80  bsp_tm4c.o(.text)
    i2cinit                                  0x0000315d   Thumb Code   132  bsp_tm4c.o(.text)
    I2C_Recv2                                0x000031e1   Thumb Code   116  bsp_tm4c.o(.text)
    I2C_Send1                                0x00003255   Thumb Code   124  bsp_tm4c.o(.text)
    I2C_Send3                                0x000032d1   Thumb Code   170  bsp_tm4c.o(.text)
    lightsensorstart                         0x000033c7   Thumb Code    36  bsp_tm4c.o(.text)
    lightsensorend                           0x000033eb   Thumb Code    80  bsp_tm4c.o(.text)
    tempsensorstart                          0x00003501   Thumb Code    18  bsp_tm4c.o(.text)
    tempsensorend                            0x00003513   Thumb Code    68  bsp_tm4c.o(.text)
    .text                                    0x00003604   Section        0  os_core.o(.text)
    runsleep                                 0x00003605   Thumb Code    52  os_core.o(.text)
    runperiodicevents                        0x00003679   Thumb Code   110  os_core.o(.text)
    .text                                    0x00003b14   Section        0  os_hw.o(.text)
    .text                                    0x00003e68   Section       72  osasm.o(.text)
    $v0                                      0x00003e68   Number         0  osasm.o(.text)
    .text                                    0x00003eb0   Section        0  heapauxi.o(.text)
    .text                                    0x00003eb6   Section       74  sys_stackheap_outer.o(.text)
    .text                                    0x00003f00   Section        0  exit.o(.text)
    .text                                    0x00003f14   Section        8  libspace.o(.text)
    .text                                    0x00003f1c   Section        0  sys_exit.o(.text)
    .text                                    0x00003f28   Section        2  use_no_semi.o(.text)
    .text                                    0x00003f2a   Section        0  indicate_semi.o(.text)
    i.ADCIntClear                            0x00003f2a   Section        0  adc.o(i.ADCIntClear)
    i.ADCIntDisable                          0x00003f34   Section        0  adc.o(i.ADCIntDisable)
    i.ADCIntEnable                           0x00003f44   Section        0  adc.o(i.ADCIntEnable)
    i.ADCIntStatus                           0x00003f54   Section        0  adc.o(i.ADCIntStatus)
    i.ADCProcessorTrigger                    0x00003f88   Section        0  adc.o(i.ADCProcessorTrigger)
    i.ADCSequenceConfigure                   0x00003fa2   Section        0  adc.o(i.ADCSequenceConfigure)
    i.ADCSequenceDataGet                     0x00003ff0   Section        0  adc.o(i.ADCSequenceDataGet)
    i.ADCSequenceDisable                     0x00004014   Section        0  adc.o(i.ADCSequenceDisable)
    i.ADCSequenceEnable                      0x00004024   Section        0  adc.o(i.ADCSequenceEnable)
    i.ADCSequenceStepConfigure               0x00004032   Section        0  adc.o(i.ADCSequenceStepConfigure)
    i.ComparatorIntClear                     0x000040cc   Section        0  comp.o(i.ComparatorIntClear)
    i.ComparatorIntStatus                    0x000040d6   Section        0  comp.o(i.ComparatorIntStatus)
    i.GPIODirModeSet                         0x000040ec   Section        0  gpio.o(i.GPIODirModeSet)
    i.GPIOIntClear                           0x00004114   Section        0  gpio.o(i.GPIOIntClear)
    i.GPIOIntDisable                         0x0000411a   Section        0  gpio.o(i.GPIOIntDisable)
    i.GPIOIntEnable                          0x00004128   Section        0  gpio.o(i.GPIOIntEnable)
    i.GPIOIntStatus                          0x00004136   Section        0  gpio.o(i.GPIOIntStatus)
    i.GPIOIntTypeSet                         0x00004144   Section        0  gpio.o(i.GPIOIntTypeSet)
    i.GPIOPadConfigSet                       0x00004194   Section        0  gpio.o(i.GPIOPadConfigSet)
    i.GPIOPinConfigure                       0x000042d0   Section        0  gpio.o(i.GPIOPinConfigure)
    i.GPIOPinRead                            0x00004318   Section        0  gpio.o(i.GPIOPinRead)
    i.GPIOPinTypeADC                         0x0000431e   Section        0  gpio.o(i.GPIOPinTypeADC)
    i.GPIOPinTypeGPIOInput                   0x0000433a   Section        0  gpio.o(i.GPIOPinTypeGPIOInput)
    i.GPIOPinTypeGPIOOutput                  0x00004356   Section        0  gpio.o(i.GPIOPinTypeGPIOOutput)
    i.GPIOPinTypePWM                         0x00004372   Section        0  gpio.o(i.GPIOPinTypePWM)
    i.GPIOPinTypeSSI                         0x0000438e   Section        0  gpio.o(i.GPIOPinTypeSSI)
    i.GPIOPinWrite                           0x000043aa   Section        0  gpio.o(i.GPIOPinWrite)
    i.IntDisable                             0x000043b0   Section        0  interrupt.o(i.IntDisable)
    i.IntEnable                              0x00004414   Section        0  interrupt.o(i.IntEnable)
    i.IntMasterDisable                       0x00004478   Section        0  interrupt.o(i.IntMasterDisable)
    i.IntMasterEnable                        0x00004486   Section        0  interrupt.o(i.IntMasterEnable)
    i.IntPrioritySet                         0x00004494   Section        0  interrupt.o(i.IntPrioritySet)
    i.PWMGenConfigure                        0x000044bc   Section        0  pwm.o(i.PWMGenConfigure)
    i.PWMGenDisable                          0x000044e2   Section        0  pwm.o(i.PWMGenDisable)
    i.PWMGenEnable                           0x000044ec   Section        0  pwm.o(i.PWMGenEnable)
    i.PWMGenPeriodGet                        0x000044f6   Section        0  pwm.o(i.PWMGenPeriodGet)
    i.PWMGenPeriodSet                        0x00004508   Section        0  pwm.o(i.PWMGenPeriodSet)
    i.PWMOutputState                         0x0000451a   Section        0  pwm.o(i.PWMOutputState)
    i.PWMPulseWidthSet                       0x0000452a   Section        0  pwm.o(i.PWMPulseWidthSet)
    i.SSIClockSourceSet                      0x0000454a   Section        0  ssi.o(i.SSIClockSourceSet)
    i.SSIConfigSetExpClk                     0x00004550   Section        0  ssi.o(i.SSIConfigSetExpClk)
    i.SSIDataPut                             0x0000458a   Section        0  ssi.o(i.SSIDataPut)
    i.SSIDisable                             0x00004596   Section        0  ssi.o(i.SSIDisable)
    i.SSIEnable                              0x000045a0   Section        0  ssi.o(i.SSIEnable)
    i.SysCtlClockGet                         0x000045ac   Section        0  sysctl.o(i.SysCtlClockGet)
    i.SysCtlPWMClockSet                      0x00004700   Section        0  sysctl.o(i.SysCtlPWMClockSet)
    i.SysCtlPeripheralDisable                0x00004714   Section        0  sysctl.o(i.SysCtlPeripheralDisable)
    i.SysCtlPeripheralEnable                 0x0000473c   Section        0  sysctl.o(i.SysCtlPeripheralEnable)
    i.SysCtlPeripheralReady                  0x00004764   Section        0  sysctl.o(i.SysCtlPeripheralReady)
    i.TimerClockSourceSet                    0x00004790   Section        0  timer.o(i.TimerClockSourceSet)
    i.TimerConfigure                         0x00004798   Section        0  timer.o(i.TimerConfigure)
    i.TimerDisable                           0x000047f8   Section        0  timer.o(i.TimerDisable)
    i.TimerEnable                            0x00004808   Section        0  timer.o(i.TimerEnable)
    i.TimerIntDisable                        0x00004816   Section        0  timer.o(i.TimerIntDisable)
    i.TimerIntEnable                         0x00004820   Section        0  timer.o(i.TimerIntEnable)
    i.TimerLoadSet                           0x00004828   Section        0  timer.o(i.TimerLoadSet)
    x$fpl$dadd                               0x0000483c   Section      336  daddsub_clz.o(x$fpl$dadd)
    $v0                                      0x0000483c   Number         0  daddsub_clz.o(x$fpl$dadd)
    _dadd1                                   0x0000484d   Thumb Code     0  daddsub_clz.o(x$fpl$dadd)
    x$fpl$ddiv                               0x0000498c   Section      688  ddiv.o(x$fpl$ddiv)
    $v0                                      0x0000498c   Number         0  ddiv.o(x$fpl$ddiv)
    ddiv_entry                               0x00004993   Thumb Code     0  ddiv.o(x$fpl$ddiv)
    x$fpl$dfixu                              0x00004c3c   Section       90  dfixu.o(x$fpl$dfixu)
    $v0                                      0x00004c3c   Number         0  dfixu.o(x$fpl$dfixu)
    x$fpl$dfltu                              0x00004c96   Section       38  dflt_clz.o(x$fpl$dfltu)
    $v0                                      0x00004c96   Number         0  dflt_clz.o(x$fpl$dfltu)
    x$fpl$dmul                               0x00004cbc   Section      340  dmul.o(x$fpl$dmul)
    $v0                                      0x00004cbc   Number         0  dmul.o(x$fpl$dmul)
    x$fpl$dnaninf                            0x00004e10   Section      156  dnaninf.o(x$fpl$dnaninf)
    $v0                                      0x00004e10   Number         0  dnaninf.o(x$fpl$dnaninf)
    x$fpl$dretinf                            0x00004eac   Section       12  dretinf.o(x$fpl$dretinf)
    $v0                                      0x00004eac   Number         0  dretinf.o(x$fpl$dretinf)
    x$fpl$drsb                               0x00004eb8   Section       22  daddsub_clz.o(x$fpl$drsb)
    $v0                                      0x00004eb8   Number         0  daddsub_clz.o(x$fpl$drsb)
    x$fpl$dsub                               0x00004ed0   Section      468  daddsub_clz.o(x$fpl$dsub)
    $v0                                      0x00004ed0   Number         0  daddsub_clz.o(x$fpl$dsub)
    _dsub1                                   0x00004ee1   Thumb Code     0  daddsub_clz.o(x$fpl$dsub)
    x$fpl$fpinit                             0x000050a4   Section       10  fpinit.o(x$fpl$fpinit)
    $v0                                      0x000050a4   Number         0  fpinit.o(x$fpl$fpinit)
    .constdata                               0x000050ae   Section     1992  lcd_handler.o(.constdata)
    x$fpl$usenofp                            0x000050ae   Section        0  usenofp.o(x$fpl$usenofp)
    res_Longhorn1                            0x000050ae   Data         504  lcd_handler.o(.constdata)
    res_Longhorn2                            0x000052a6   Data         504  lcd_handler.o(.constdata)
    res_welcome_img                          0x0000549e   Data         504  lcd_handler.o(.constdata)
    ASCII                                    0x00005696   Data         480  lcd_handler.o(.constdata)
    .constdata                               0x00005876   Section     1992  printing_handler.o(.constdata)
    res_Longhorn1                            0x00005876   Data         504  printing_handler.o(.constdata)
    res_Longhorn2                            0x00005a6e   Data         504  printing_handler.o(.constdata)
    res_welcome_img                          0x00005c66   Data         504  printing_handler.o(.constdata)
    ASCII                                    0x00005e5e   Data         480  printing_handler.o(.constdata)
    .constdata                               0x0000603e   Section     1403  bsp_tm4c.o(.constdata)
    Font                                     0x0000603e   Data        1275  bsp_tm4c.o(.constdata)
    Rcmd1                                    0x00006539   Data          59  bsp_tm4c.o(.constdata)
    Rcmd2green                               0x00006574   Data          13  bsp_tm4c.o(.constdata)
    Rcmd2red                                 0x00006581   Data          13  bsp_tm4c.o(.constdata)
    Rcmd3                                    0x0000658e   Data          43  bsp_tm4c.o(.constdata)
    .constdata                               0x000065bc   Section      528  gpio.o(.constdata)
    g_ppui32GPIOIntMapBlizzard               0x000065bc   Data         192  gpio.o(.constdata)
    g_ppui32GPIOIntMapSnowflake              0x0000667c   Data         192  gpio.o(.constdata)
    g_pui32GPIOBaseAddrs                     0x0000673c   Data         144  gpio.o(.constdata)
    .constdata                               0x000067cc   Section      268  interrupt.o(.constdata)
    g_pui32Priority                          0x000067cc   Data          32  interrupt.o(.constdata)
    g_pui32Regs                              0x000067ec   Data         156  interrupt.o(.constdata)
    g_pui32EnRegs                            0x00006888   Data          20  interrupt.o(.constdata)
    g_pui32Dii16Regs                         0x0000689c   Data          20  interrupt.o(.constdata)
    g_pui32PendRegs                          0x000068b0   Data          20  interrupt.o(.constdata)
    g_pui32UnpendRegs                        0x000068c4   Data          20  interrupt.o(.constdata)
    .constdata                               0x000068d8   Section      452  sysctl.o(.constdata)
    g_pui32VCOFrequencies                    0x000068d8   Data           8  sysctl.o(.constdata)
    g_pui32Xtals                             0x000068e0   Data         108  sysctl.o(.constdata)
    g_pppui32XTALtoVCO                       0x0000694c   Data         288  sysctl.o(.constdata)
    g_sXTALtoMEMTIM                          0x00006a6c   Data          48  sysctl.o(.constdata)
    .data                                    0x20000000   Section        3  main.o(.data)
    .data                                    0x20000003   Section        1  cyclic_activity_handler.o(.data)
    startup_image                            0x20000003   Data           1  cyclic_activity_handler.o(.data)
    .data                                    0x20000004   Section        1  gpio_handler.o(.data)
    Red_Led_Status                           0x20000004   Data           1  gpio_handler.o(.data)
    .data                                    0x20000008   Section       16  interrupt_handler.o(.data)
    .data                                    0x20000018   Section        4  motion_handler.o(.data)
    Go_Fwd_Counter                           0x2000001b   Data           1  motion_handler.o(.data)
    .data                                    0x2000001c   Section        1  printing_handler.o(.data)
    .data                                    0x2000001d   Section        1  pwm_handler.o(.data)
    status                                   0x2000001d   Data           1  pwm_handler.o(.data)
    .data                                    0x20000020   Section       68  bsp_tm4c.o(.data)
    ClockFrequency                           0x20000020   Data           4  bsp_tm4c.o(.data)
    PWMCycles                                0x20000024   Data           2  bsp_tm4c.o(.data)
    ColStart                                 0x20000032   Data           1  bsp_tm4c.o(.data)
    RowStart                                 0x20000033   Data           1  bsp_tm4c.o(.data)
    _width                                   0x20000034   Data           2  bsp_tm4c.o(.data)
    _height                                  0x20000036   Data           2  bsp_tm4c.o(.data)
    .data                                    0x20000064   Section        5  os_core.o(.data)
    .bss                                     0x2000006c   Section      224  main.o(.bss)
    .bss                                     0x2000014c   Section       12  bsp_tm4c.o(.bss)
    .bss                                     0x20000158   Section     3396  os_core.o(.bss)
    .bss                                     0x20000e9c   Section      192  os_hw.o(.bss)
    .bss                                     0x20000f5c   Section       96  libspace.o(.bss)
    HEAP                                     0x20000fc0   Section        0  startup_new.o(HEAP)
    STACK                                    0x20000fc0   Section      512  startup_new.o(STACK)
    Heap_Mem                                 0x20000fc0   Data           0  startup_new.o(HEAP)
    Stack_Mem                                0x20000fc0   Data         512  startup_new.o(STACK)
    __initial_sp                             0x200011c0   Data           0  startup_new.o(STACK)

    Global Symbols

    Symbol Name                              Value     Ov Type        Size  Object(Section)

    BuildAttributes$$THM_ISAv4$E$P$D$K$B$S$7EM$VFPi3$EXTD16$VFPS$VFMA$PE$A:L22UL41UL21$X:L11$S22US41US21$IEEE1$IW$USESV6$~STKCKD$USESV7$~SHL$OTIME$ROPI$EBA8$UX$STANDARDLIB$REQ8$PRES8$EABIv2 0x00000000   Number         0  anon$$obj.o ABSOLUTE
    __ARM_use_no_argv                        0x00000000   Number         0  main.o ABSOLUTE
    __Vectors                                0x00000000   Data           4  startup_new.o(RESET)
    __ARM_exceptions_init                     - Undefined Weak Reference
    __alloca_initialize                       - Undefined Weak Reference
    __arm_preinit_                            - Undefined Weak Reference
    __cpp_initialize__aeabi_                  - Undefined Weak Reference
    __cxa_finalize                            - Undefined Weak Reference
    __rt_locale                               - Undefined Weak Reference
    __sigvec_lookup                           - Undefined Weak Reference
    _atexit_init                              - Undefined Weak Reference
    _call_atexit_fns                          - Undefined Weak Reference
    _clock_init                               - Undefined Weak Reference
    _fp_trap_init                             - Undefined Weak Reference
    _fp_trap_shutdown                         - Undefined Weak Reference
    _get_lc_collate                           - Undefined Weak Reference
    _get_lc_ctype                             - Undefined Weak Reference
    _get_lc_monetary                          - Undefined Weak Reference
    _get_lc_numeric                           - Undefined Weak Reference
    _get_lc_time                              - Undefined Weak Reference
    _getenv_init                              - Undefined Weak Reference
    _handle_redirection                       - Undefined Weak Reference
    _init_alloc                               - Undefined Weak Reference
    _init_user_alloc                          - Undefined Weak Reference
    _initio                                   - Undefined Weak Reference
    _rand_init                                - Undefined Weak Reference
    _signal_finish                            - Undefined Weak Reference
    _signal_init                              - Undefined Weak Reference
    _terminate_alloc                          - Undefined Weak Reference
    _terminate_user_alloc                     - Undefined Weak Reference
    _terminateio                              - Undefined Weak Reference
    __Vectors_End                            0x0000026c   Data           0  startup_new.o(RESET)
    __Vectors_Size                           0x0000026c   Number         0  startup_new.o ABSOLUTE
    __main                                   0x0000026d   Thumb Code     8  __main.o(!!!main)
    __scatterload                            0x00000275   Thumb Code     0  __scatter.o(!!!scatter)
    __scatterload_rt2                        0x00000275   Thumb Code    44  __scatter.o(!!!scatter)
    __scatterload_rt2_thumb_only             0x00000275   Thumb Code     0  __scatter.o(!!!scatter)
    __scatterload_null                       0x00000283   Thumb Code     0  __scatter.o(!!!scatter)
    __scatterload_copy                       0x000002a9   Thumb Code    26  __scatter_copy.o(!!handler_copy)
    __scatterload_zeroinit                   0x000002c5   Thumb Code    28  __scatter_zi.o(!!handler_zi)
    __rt_lib_init                            0x000002e1   Thumb Code     0  libinit.o(.ARM.Collect$$libinit$$00000000)
    __rt_lib_init_fp_1                       0x000002e3   Thumb Code     0  libinit2.o(.ARM.Collect$$libinit$$00000001)
    __rt_lib_init_alloca_1                   0x000002e7   Thumb Code     0  libinit2.o(.ARM.Collect$$libinit$$0000002E)
    __rt_lib_init_argv_1                     0x000002e7   Thumb Code     0  libinit2.o(.ARM.Collect$$libinit$$0000002C)
    __rt_lib_init_atexit_1                   0x000002e7   Thumb Code     0  libinit2.o(.ARM.Collect$$libinit$$0000001B)
    __rt_lib_init_clock_1                    0x000002e7   Thumb Code     0  libinit2.o(.ARM.Collect$$libinit$$00000021)
    __rt_lib_init_cpp_1                      0x000002e7   Thumb Code     0  libinit2.o(.ARM.Collect$$libinit$$00000032)
    __rt_lib_init_exceptions_1               0x000002e7   Thumb Code     0  libinit2.o(.ARM.Collect$$libinit$$00000030)
    __rt_lib_init_fp_trap_1                  0x000002e7   Thumb Code     0  libinit2.o(.ARM.Collect$$libinit$$0000001F)
    __rt_lib_init_getenv_1                   0x000002e7   Thumb Code     0  libinit2.o(.ARM.Collect$$libinit$$00000023)
    __rt_lib_init_heap_1                     0x000002e7   Thumb Code     0  libinit2.o(.ARM.Collect$$libinit$$0000000A)
    __rt_lib_init_lc_collate_1               0x000002e7   Thumb Code     0  libinit2.o(.ARM.Collect$$libinit$$00000011)
    __rt_lib_init_lc_ctype_1                 0x000002e7   Thumb Code     0  libinit2.o(.ARM.Collect$$libinit$$00000013)
    __rt_lib_init_lc_monetary_1              0x000002e7   Thumb Code     0  libinit2.o(.ARM.Collect$$libinit$$00000015)
    __rt_lib_init_lc_numeric_1               0x000002e7   Thumb Code     0  libinit2.o(.ARM.Collect$$libinit$$00000017)
    __rt_lib_init_lc_time_1                  0x000002e7   Thumb Code     0  libinit2.o(.ARM.Collect$$libinit$$00000019)
    __rt_lib_init_preinit_1                  0x000002e7   Thumb Code     0  libinit2.o(.ARM.Collect$$libinit$$00000004)
    __rt_lib_init_rand_1                     0x000002e7   Thumb Code     0  libinit2.o(.ARM.Collect$$libinit$$0000000E)
    __rt_lib_init_return                     0x000002e7   Thumb Code     0  libinit2.o(.ARM.Collect$$libinit$$00000033)
    __rt_lib_init_signal_1                   0x000002e7   Thumb Code     0  libinit2.o(.ARM.Collect$$libinit$$0000001D)
    __rt_lib_init_stdio_1                    0x000002e7   Thumb Code     0  libinit2.o(.ARM.Collect$$libinit$$00000025)
    __rt_lib_init_user_alloc_1               0x000002e7   Thumb Code     0  libinit2.o(.ARM.Collect$$libinit$$0000000C)
    __rt_lib_shutdown                        0x000002e9   Thumb Code     0  libshutdown.o(.ARM.Collect$$libshutdown$$00000000)
    __rt_lib_shutdown_cpp_1                  0x000002eb   Thumb Code     0  libshutdown2.o(.ARM.Collect$$libshutdown$$00000002)
    __rt_lib_shutdown_fp_trap_1              0x000002eb   Thumb Code     0  libshutdown2.o(.ARM.Collect$$libshutdown$$00000007)
    __rt_lib_shutdown_heap_1                 0x000002eb   Thumb Code     0  libshutdown2.o(.ARM.Collect$$libshutdown$$0000000F)
    __rt_lib_shutdown_return                 0x000002eb   Thumb Code     0  libshutdown2.o(.ARM.Collect$$libshutdown$$00000010)
    __rt_lib_shutdown_signal_1               0x000002eb   Thumb Code     0  libshutdown2.o(.ARM.Collect$$libshutdown$$0000000A)
    __rt_lib_shutdown_stdio_1                0x000002eb   Thumb Code     0  libshutdown2.o(.ARM.Collect$$libshutdown$$00000004)
    __rt_lib_shutdown_user_alloc_1           0x000002eb   Thumb Code     0  libshutdown2.o(.ARM.Collect$$libshutdown$$0000000C)
    __rt_entry                               0x000002ed   Thumb Code     0  __rtentry.o(.ARM.Collect$$rtentry$$00000000)
    __rt_entry_presh_1                       0x000002ed   Thumb Code     0  __rtentry2.o(.ARM.Collect$$rtentry$$00000002)
    __rt_entry_sh                            0x000002ed   Thumb Code     0  __rtentry4.o(.ARM.Collect$$rtentry$$00000004)
    __rt_entry_li                            0x000002f3   Thumb Code     0  __rtentry2.o(.ARM.Collect$$rtentry$$0000000A)
    __rt_entry_postsh_1                      0x000002f3   Thumb Code     0  __rtentry2.o(.ARM.Collect$$rtentry$$00000009)
    __rt_entry_main                          0x000002f7   Thumb Code     0  __rtentry2.o(.ARM.Collect$$rtentry$$0000000D)
    __rt_entry_postli_1                      0x000002f7   Thumb Code     0  __rtentry2.o(.ARM.Collect$$rtentry$$0000000C)
    __rt_exit                                0x000002ff   Thumb Code     0  rtexit.o(.ARM.Collect$$rtexit$$00000000)
    __rt_exit_ls                             0x00000301   Thumb Code     0  rtexit2.o(.ARM.Collect$$rtexit$$00000003)
    __rt_exit_prels_1                        0x00000301   Thumb Code     0  rtexit2.o(.ARM.Collect$$rtexit$$00000002)
    __rt_exit_exit                           0x00000305   Thumb Code     0  rtexit2.o(.ARM.Collect$$rtexit$$00000004)
    parrotdelay                              0x0000030d   Thumb Code     6  bsp_tm4c.o(.emb_text)
    CPUcpsid                                 0x00000315   Thumb Code     8  cpu.o(.emb_text)
    CPUprimask                               0x0000031d   Thumb Code     6  cpu.o(.emb_text)
    CPUcpsie                                 0x00000323   Thumb Code     8  cpu.o(.emb_text)
    CPUwfi                                   0x0000032b   Thumb Code     4  cpu.o(.emb_text)
    CPUbasepriSet                            0x0000032f   Thumb Code     6  cpu.o(.emb_text)
    CPUbasepriGet                            0x00000335   Thumb Code     6  cpu.o(.emb_text)
    Reset_Handler                            0x0000033d   Thumb Code     0  startup_new.o(.text)
    NMI_Handler                              0x00000351   Thumb Code     2  startup_new.o(.text)
    HardFault_Handler                        0x00000353   Thumb Code     2  startup_new.o(.text)
    MemManage_Handler                        0x00000355   Thumb Code     2  startup_new.o(.text)
    BusFault_Handler                         0x00000357   Thumb Code     2  startup_new.o(.text)
    UsageFault_Handler                       0x00000359   Thumb Code     2  startup_new.o(.text)
    SVC_Handler                              0x0000035b   Thumb Code     2  startup_new.o(.text)
    DebugMon_Handler                         0x0000035d   Thumb Code     2  startup_new.o(.text)
    PendSV_Handler                           0x0000035f   Thumb Code     2  startup_new.o(.text)
    ADC0Seq0_Handler                         0x00000363   Thumb Code     0  startup_new.o(.text)
    ADC0Seq1_Handler                         0x00000363   Thumb Code     0  startup_new.o(.text)
    ADC0Seq2_Handler                         0x00000363   Thumb Code     0  startup_new.o(.text)
    ADC1Seq3_Handler                         0x00000363   Thumb Code     0  startup_new.o(.text)
    CAN0_Handler                             0x00000363   Thumb Code     0  startup_new.o(.text)
    CAN1_Handler                             0x00000363   Thumb Code     0  startup_new.o(.text)
    CAN2_Handler                             0x00000363   Thumb Code     0  startup_new.o(.text)
    Comp1_Handler                            0x00000363   Thumb Code     0  startup_new.o(.text)
    Comp2_Handler                            0x00000363   Thumb Code     0  startup_new.o(.text)
    Ethernet_Handler                         0x00000363   Thumb Code     0  startup_new.o(.text)
    ExtBus_Handler                           0x00000363   Thumb Code     0  startup_new.o(.text)
    FPU_Handler                              0x00000363   Thumb Code     0  startup_new.o(.text)
    Fan0_Handler                             0x00000363   Thumb Code     0  startup_new.o(.text)
    FlashCtl_Handler                         0x00000363   Thumb Code     0  startup_new.o(.text)
    GPIOPortA_Handler                        0x00000363   Thumb Code     0  startup_new.o(.text)
    GPIOPortB_Handler                        0x00000363   Thumb Code     0  startup_new.o(.text)
    GPIOPortC_Handler                        0x00000363   Thumb Code     0  startup_new.o(.text)
    GPIOPortE_Handler                        0x00000363   Thumb Code     0  startup_new.o(.text)
    GPIOPortG_Handler                        0x00000363   Thumb Code     0  startup_new.o(.text)
    GPIOPortH_Handler                        0x00000363   Thumb Code     0  startup_new.o(.text)
    GPIOPortJ_Handler                        0x00000363   Thumb Code     0  startup_new.o(.text)
    GPIOPortK_Handler                        0x00000363   Thumb Code     0  startup_new.o(.text)
    GPIOPortL_Handler                        0x00000363   Thumb Code     0  startup_new.o(.text)
    GPIOPortM_Handler                        0x00000363   Thumb Code     0  startup_new.o(.text)
    GPIOPortN_Handler                        0x00000363   Thumb Code     0  startup_new.o(.text)
    GPIOPortP1_Handler                       0x00000363   Thumb Code     0  startup_new.o(.text)
    GPIOPortP2_Handler                       0x00000363   Thumb Code     0  startup_new.o(.text)
    GPIOPortP3_Handler                       0x00000363   Thumb Code     0  startup_new.o(.text)
    GPIOPortP4_Handler                       0x00000363   Thumb Code     0  startup_new.o(.text)
    GPIOPortP5_Handler                       0x00000363   Thumb Code     0  startup_new.o(.text)
    GPIOPortP6_Handler                       0x00000363   Thumb Code     0  startup_new.o(.text)
    GPIOPortP7_Handler                       0x00000363   Thumb Code     0  startup_new.o(.text)
    GPIOPortP_Handler                        0x00000363   Thumb Code     0  startup_new.o(.text)
    GPIOPortQ1_Handler                       0x00000363   Thumb Code     0  startup_new.o(.text)
    GPIOPortQ2_Handler                       0x00000363   Thumb Code     0  startup_new.o(.text)
    GPIOPortQ3_Handler                       0x00000363   Thumb Code     0  startup_new.o(.text)
    GPIOPortQ4_Handler                       0x00000363   Thumb Code     0  startup_new.o(.text)
    GPIOPortQ5_Handler                       0x00000363   Thumb Code     0  startup_new.o(.text)
    GPIOPortQ6_Handler                       0x00000363   Thumb Code     0  startup_new.o(.text)
    GPIOPortQ7_Handler                       0x00000363   Thumb Code     0  startup_new.o(.text)
    GPIOPortQ_Handler                        0x00000363   Thumb Code     0  startup_new.o(.text)
    GPIOPortR_Handler                        0x00000363   Thumb Code     0  startup_new.o(.text)
    GPIOPortS_Handler                        0x00000363   Thumb Code     0  startup_new.o(.text)
    Hibernate_Handler                        0x00000363   Thumb Code     0  startup_new.o(.text)
    I2C0_Handler                             0x00000363   Thumb Code     0  startup_new.o(.text)
    I2C1_Handler                             0x00000363   Thumb Code     0  startup_new.o(.text)
    I2C2_Handler                             0x00000363   Thumb Code     0  startup_new.o(.text)
    I2C3_Handler                             0x00000363   Thumb Code     0  startup_new.o(.text)
    I2C4_Handler                             0x00000363   Thumb Code     0  startup_new.o(.text)
    I2C5_Handler                             0x00000363   Thumb Code     0  startup_new.o(.text)
    I2S0_Handler                             0x00000363   Thumb Code     0  startup_new.o(.text)
    LPC0_Handler                             0x00000363   Thumb Code     0  startup_new.o(.text)
    PECI0_Handler                            0x00000363   Thumb Code     0  startup_new.o(.text)
    PWM0Fault_Handler                        0x00000363   Thumb Code     0  startup_new.o(.text)
    PWM0Generator0_Handler                   0x00000363   Thumb Code     0  startup_new.o(.text)
    PWM0Generator1_Handler                   0x00000363   Thumb Code     0  startup_new.o(.text)
    PWM0Generator2_Handler                   0x00000363   Thumb Code     0  startup_new.o(.text)
    PWM0Generator3_Handler                   0x00000363   Thumb Code     0  startup_new.o(.text)
    PWM1Fault_Handler                        0x00000363   Thumb Code     0  startup_new.o(.text)
    PWM1Generator0_Handler                   0x00000363   Thumb Code     0  startup_new.o(.text)
    PWM1Generator1_Handler                   0x00000363   Thumb Code     0  startup_new.o(.text)
    PWM1Generator2_Handler                   0x00000363   Thumb Code     0  startup_new.o(.text)
    PWM1Generator3_Handler                   0x00000363   Thumb Code     0  startup_new.o(.text)
    Quadrature0_Handler                      0x00000363   Thumb Code     0  startup_new.o(.text)
    Quadrature1_Handler                      0x00000363   Thumb Code     0  startup_new.o(.text)
    Quadrature2_Handler                      0x00000363   Thumb Code     0  startup_new.o(.text)
    SSI0_Handler                             0x00000363   Thumb Code     0  startup_new.o(.text)
    SSI1_Handler                             0x00000363   Thumb Code     0  startup_new.o(.text)
    SSI2_Handler                             0x00000363   Thumb Code     0  startup_new.o(.text)
    SSI3_Handler                             0x00000363   Thumb Code     0  startup_new.o(.text)
    SysCtl_Handler                           0x00000363   Thumb Code     0  startup_new.o(.text)
    Timer0B_Handler                          0x00000363   Thumb Code     0  startup_new.o(.text)
    Timer1A_Handler                          0x00000363   Thumb Code     0  startup_new.o(.text)
    Timer1B_Handler                          0x00000363   Thumb Code     0  startup_new.o(.text)
    Timer2A_Handler                          0x00000363   Thumb Code     0  startup_new.o(.text)
    Timer2B_Handler                          0x00000363   Thumb Code     0  startup_new.o(.text)
    Timer3A_Handler                          0x00000363   Thumb Code     0  startup_new.o(.text)
    Timer3B_Handler                          0x00000363   Thumb Code     0  startup_new.o(.text)
    Timer4A_Handler                          0x00000363   Thumb Code     0  startup_new.o(.text)
    Timer4B_Handler                          0x00000363   Thumb Code     0  startup_new.o(.text)
    Timer5A_Handler                          0x00000363   Thumb Code     0  startup_new.o(.text)
    Timer5B_Handler                          0x00000363   Thumb Code     0  startup_new.o(.text)
    UART0_Handler                            0x00000363   Thumb Code     0  startup_new.o(.text)
    UART1_Handler                            0x00000363   Thumb Code     0  startup_new.o(.text)
    UART2_Handler                            0x00000363   Thumb Code     0  startup_new.o(.text)
    UART3_Handler                            0x00000363   Thumb Code     0  startup_new.o(.text)
    UART4_Handler                            0x00000363   Thumb Code     0  startup_new.o(.text)
    UART5_Handler                            0x00000363   Thumb Code     0  startup_new.o(.text)
    UART6_Handler                            0x00000363   Thumb Code     0  startup_new.o(.text)
    UART7_Handler                            0x00000363   Thumb Code     0  startup_new.o(.text)
    USB0_Handler                             0x00000363   Thumb Code     0  startup_new.o(.text)
    WDT_Handler                              0x00000363   Thumb Code     0  startup_new.o(.text)
    WideTimer0B_Handler                      0x00000363   Thumb Code     0  startup_new.o(.text)
    WideTimer1A_Handler                      0x00000363   Thumb Code     0  startup_new.o(.text)
    WideTimer1B_Handler                      0x00000363   Thumb Code     0  startup_new.o(.text)
    WideTimer2A_Handler                      0x00000363   Thumb Code     0  startup_new.o(.text)
    WideTimer2B_Handler                      0x00000363   Thumb Code     0  startup_new.o(.text)
    WideTimer3B_Handler                      0x00000363   Thumb Code     0  startup_new.o(.text)
    WideTimer4B_Handler                      0x00000363   Thumb Code     0  startup_new.o(.text)
    WideTimer5B_Handler                      0x00000363   Thumb Code     0  startup_new.o(.text)
    uDMA_Error                               0x00000363   Thumb Code     0  startup_new.o(.text)
    uDMA_Handler                             0x00000363   Thumb Code     0  startup_new.o(.text)
    DisableInterrupts                        0x00000365   Thumb Code     0  startup_new.o(.text)
    EnableInterrupts                         0x00000369   Thumb Code     0  startup_new.o(.text)
    StartCritical                            0x0000036d   Thumb Code     0  startup_new.o(.text)
    EndCritical                              0x00000375   Thumb Code     0  startup_new.o(.text)
    WaitForInterrupt                         0x0000037b   Thumb Code     0  startup_new.o(.text)
    __user_initial_stackheap                 0x0000037f   Thumb Code     0  startup_new.o(.text)
    Task0                                    0x00000395   Thumb Code    14  main.o(.text)
    Task1                                    0x000003a3   Thumb Code    16  main.o(.text)
    Task2                                    0x000003b3   Thumb Code    16  main.o(.text)
    Task3                                    0x000003c3   Thumb Code    48  main.o(.text)
    Task4                                    0x000003f3   Thumb Code    50  main.o(.text)
    Task5                                    0x00000425   Thumb Code     4  main.o(.text)
    Task6                                    0x00000429   Thumb Code     4  main.o(.text)
    Idle_Task                                0x0000042d   Thumb Code     8  main.o(.text)
    main                                     0x00000435   Thumb Code   220  main.o(.text)
    ADC_Temperature_Sensor_Init              0x00000539   Thumb Code    94  adc_handler.o(.text)
    ADC_Light_Sensor_Init                    0x00000597   Thumb Code   300  adc_handler.o(.text)
    ADC0Seq3_Handler                         0x000006c3   Thumb Code   184  adc_handler.o(.text)
    ADC1Seq0_Handler                         0x0000077b   Thumb Code    42  adc_handler.o(.text)
    ADC1Seq1_Handler                         0x000007a5   Thumb Code    42  adc_handler.o(.text)
    ADC1Seq2_Handler                         0x000007cf   Thumb Code    42  adc_handler.o(.text)
    CYCL_10_ms                               0x00000845   Thumb Code     8  cyclic_activity_handler.o(.text)
    CYCL_100_ms                              0x0000084d   Thumb Code    28  cyclic_activity_handler.o(.text)
    CYCL_1000_ms                             0x00000869   Thumb Code    38  cyclic_activity_handler.o(.text)
    GPIO_steering_switch_init                0x0000089d   Thumb Code     8  gpio_handler.o(.text)
    GPIO_red_led_init                        0x000008a5   Thumb Code    62  gpio_handler.o(.text)
    GPIO_red_led_toggle                      0x000008e3   Thumb Code    30  gpio_handler.o(.text)
    GPIO_lcd_init                            0x00000901   Thumb Code    48  gpio_handler.o(.text)
    GPIO_lcd_DC                              0x00000931   Thumb Code    34  gpio_handler.o(.text)
    GPIO_lcd_RST                             0x00000953   Thumb Code    18  gpio_handler.o(.text)
    GPIO_motor_direction_init                0x00000965   Thumb Code    42  gpio_handler.o(.text)
    GPIO_motor_direction_select              0x0000098f   Thumb Code    50  gpio_handler.o(.text)
    Int_Master_Enable                        0x000009d9   Thumb Code     8  interrupt_handler.o(.text)
    Int_Master_Disable                       0x000009e1   Thumb Code     8  interrupt_handler.o(.text)
    Comp0_Handler                            0x000009e9   Thumb Code    34  interrupt_handler.o(.text)
    WideTimer0A_Handler                      0x00000a0b   Thumb Code     2  interrupt_handler.o(.text)
    Timer0A_Handler                          0x00000a0d   Thumb Code     2  interrupt_handler.o(.text)
    LCD_set_cursor                           0x00000a37   Thumb Code    48  lcd_handler.o(.text)
    LCD_clear                                0x00000a67   Thumb Code    34  lcd_handler.o(.text)
    LCD_init                                 0x00000a89   Thumb Code    82  lcd_handler.o(.text)
    LCD_out_char                             0x00000adb   Thumb Code    46  lcd_handler.o(.text)
    LCD_out_string                           0x00000b09   Thumb Code    22  lcd_handler.o(.text)
    LCD_out_number                           0x00000b1f   Thumb Code   394  lcd_handler.o(.text)
    LCD_out_image                            0x00000ca9   Thumb Code    36  lcd_handler.o(.text)
    Motion_Init                              0x00000ce1   Thumb Code    24  motion_handler.o(.text)
    Motion_Go_Left                           0x00000cf9   Thumb Code    36  motion_handler.o(.text)
    Motion_Go_Right                          0x00000d1d   Thumb Code    36  motion_handler.o(.text)
    Motion_Stop                              0x00000d41   Thumb Code    26  motion_handler.o(.text)
    Motion_Cruise                            0x00000d5b   Thumb Code    34  motion_handler.o(.text)
    Motion_Max_Speed                         0x00000d7d   Thumb Code    34  motion_handler.o(.text)
    Motion_Go_Back                           0x00000d9f   Thumb Code    56  motion_handler.o(.text)
    Motion_Calculate_Direction               0x00000dd7   Thumb Code   264  motion_handler.o(.text)
    Print_Welcome_Image                      0x00000f01   Thumb Code    10  printing_handler.o(.text)
    Print_Motor_Parameters                   0x00000f0b   Thumb Code   286  printing_handler.o(.text)
    PWM_right_motor_duty_cycle               0x00001079   Thumb Code    86  pwm_handler.o(.text)
    PWM_left_motor_duty_cycle                0x000010cf   Thumb Code    86  pwm_handler.o(.text)
    PWM_motor_init                           0x00001125   Thumb Code   110  pwm_handler.o(.text)
    PWM_Red_led_init                         0x00001193   Thumb Code    96  pwm_handler.o(.text)
    PWM_Red_led_toggle                       0x000011f3   Thumb Code    62  pwm_handler.o(.text)
    PWM_set_duty_cycle                       0x00001231   Thumb Code    56  pwm_handler.o(.text)
    PWM_motor_reverse_init                   0x00001269   Thumb Code   146  pwm_handler.o(.text)
    PWM_motor_reverse_stop                   0x000012fb   Thumb Code    30  pwm_handler.o(.text)
    SSI_lcd_init                             0x00001345   Thumb Code    96  ssi_handler.o(.text)
    SSI_shift_register_init                  0x000013a5   Thumb Code    56  ssi_handler.o(.text)
    SSI_write                                0x000013dd   Thumb Code    14  ssi_handler.o(.text)
    TIMER_reload_calculator                  0x00001411   Thumb Code    30  timer_handler.o(.text)
    TIMER_cyclic_1s_init                     0x0000142f   Thumb Code    98  timer_handler.o(.text)
    TIMER_cyclic_50ms_init                   0x00001491   Thumb Code    96  timer_handler.o(.text)
    TIMER_delay                              0x000014f1   Thumb Code    24  timer_handler.o(.text)
    TIMER_delay_No_Int                       0x00001509   Thumb Code    32  timer_handler.o(.text)
    BSP_Button1_Init                         0x00001539   Thumb Code   112  bsp_tm4c.o(.text)
    BSP_Button1_Input                        0x000015a9   Thumb Code     8  bsp_tm4c.o(.text)
    BSP_Button2_Init                         0x000015b1   Thumb Code   126  bsp_tm4c.o(.text)
    BSP_Button2_Input                        0x0000162f   Thumb Code     8  bsp_tm4c.o(.text)
    BSP_Joystick_Init                        0x00001677   Thumb Code   268  bsp_tm4c.o(.text)
    BSP_Joystick_Input                       0x00001783   Thumb Code    56  bsp_tm4c.o(.text)
    BSP_RGB_Init                             0x000017bb   Thumb Code   620  bsp_tm4c.o(.text)
    BSP_RGB_Set                              0x00001a27   Thumb Code    62  bsp_tm4c.o(.text)
    BSP_RGB_D_Set                            0x00001a65   Thumb Code    52  bsp_tm4c.o(.text)
    BSP_RGB_D_Init                           0x00001a99   Thumb Code   314  bsp_tm4c.o(.text)
    BSP_RGB_D_Toggle                         0x00001bd3   Thumb Code    46  bsp_tm4c.o(.text)
    BSP_Buzzer_Init                          0x00001c01   Thumb Code   196  bsp_tm4c.o(.text)
    BSP_Buzzer_Set                           0x00001cc5   Thumb Code    24  bsp_tm4c.o(.text)
    BSP_Accelerometer_Init                   0x00001cdd   Thumb Code   236  bsp_tm4c.o(.text)
    BSP_Accelerometer_Input                  0x00001dc9   Thumb Code    66  bsp_tm4c.o(.text)
    BSP_Microphone_Init                      0x00001e0b   Thumb Code   152  bsp_tm4c.o(.text)
    BSP_Microphone_Input                     0x00001ea3   Thumb Code    40  bsp_tm4c.o(.text)
    BSP_Delay1ms                             0x00001f49   Thumb Code    22  bsp_tm4c.o(.text)
    BSP_LCD_FillRect                         0x00002231   Thumb Code   164  bsp_tm4c.o(.text)
    BSP_LCD_FillScreen                       0x000022d5   Thumb Code    28  bsp_tm4c.o(.text)
    BSP_LCD_SetCursor                        0x000022f1   Thumb Code    22  bsp_tm4c.o(.text)
    BSP_LCD_Init                             0x0000235d   Thumb Code    10  bsp_tm4c.o(.text)
    BSP_LCD_DrawPixel                        0x00002379   Thumb Code    64  bsp_tm4c.o(.text)
    BSP_LCD_DrawFastVLine                    0x000023b9   Thumb Code   116  bsp_tm4c.o(.text)
    BSP_LCD_DrawFastHLine                    0x0000242d   Thumb Code   116  bsp_tm4c.o(.text)
    BSP_LCD_Color565                         0x000024a1   Thumb Code    24  bsp_tm4c.o(.text)
    BSP_LCD_SwapColor                        0x000024b9   Thumb Code    18  bsp_tm4c.o(.text)
    BSP_LCD_DrawBitmap                       0x000024cb   Thumb Code   280  bsp_tm4c.o(.text)
    BSP_LCD_DrawCharS                        0x000025e3   Thumb Code   282  bsp_tm4c.o(.text)
    BSP_LCD_DrawChar                         0x000026fd   Thumb Code   260  bsp_tm4c.o(.text)
    BSP_LCD_DrawString                       0x00002801   Thumb Code    86  bsp_tm4c.o(.text)
    BSP_LCD_OutUDec                          0x00002a0f   Thumb Code   158  bsp_tm4c.o(.text)
    BSP_LCD_OutUDec4                         0x00002aad   Thumb Code   116  bsp_tm4c.o(.text)
    BSP_LCD_OutUDec5                         0x00002b21   Thumb Code   116  bsp_tm4c.o(.text)
    BSP_LCD_OutUFix2_1                       0x00002b95   Thumb Code    96  bsp_tm4c.o(.text)
    BSP_LCD_OutUHex2                         0x00002bf5   Thumb Code    96  bsp_tm4c.o(.text)
    BSP_LCD_Drawaxes                         0x00002c55   Thumb Code   272  bsp_tm4c.o(.text)
    BSP_LCD_PlotPoint                        0x00002d65   Thumb Code    86  bsp_tm4c.o(.text)
    BSP_LCD_PlotIncrement                    0x00002dbb   Thumb Code    46  bsp_tm4c.o(.text)
    BSP_Clock_InitFastest                    0x00002de9   Thumb Code   180  bsp_tm4c.o(.text)
    BSP_Clock_GetFreq                        0x00002e9d   Thumb Code     6  bsp_tm4c.o(.text)
    BSP_PeriodicTask_Init                    0x00002ea3   Thumb Code   162  bsp_tm4c.o(.text)
    WideTimer5A_Handler                      0x00002f45   Thumb Code    16  bsp_tm4c.o(.text)
    BSP_PeriodicTask_Stop                    0x00002f55   Thumb Code    16  bsp_tm4c.o(.text)
    BSP_PeriodicTask_Restart                 0x00002f65   Thumb Code    14  bsp_tm4c.o(.text)
    BSP_PeriodicTask_InitB                   0x00002f73   Thumb Code   164  bsp_tm4c.o(.text)
    WideTimer4A_Handler                      0x00003017   Thumb Code    16  bsp_tm4c.o(.text)
    BSP_PeriodicTask_StopB                   0x00003027   Thumb Code    16  bsp_tm4c.o(.text)
    BSP_PeriodicTask_InitC                   0x00003037   Thumb Code   164  bsp_tm4c.o(.text)
    WideTimer3A_Handler                      0x000030db   Thumb Code    16  bsp_tm4c.o(.text)
    BSP_PeriodicTask_StopC                   0x000030eb   Thumb Code    16  bsp_tm4c.o(.text)
    BSP_Time_Init                            0x000030fb   Thumb Code    88  bsp_tm4c.o(.text)
    BSP_Time_Get                             0x00003153   Thumb Code    10  bsp_tm4c.o(.text)
    BSP_LightSensor_Init                     0x0000337b   Thumb Code    76  bsp_tm4c.o(.text)
    BSP_LightSensor_Input                    0x0000343b   Thumb Code    42  bsp_tm4c.o(.text)
    BSP_LightSensor_Start                    0x00003465   Thumb Code    22  bsp_tm4c.o(.text)
    BSP_LightSensor_End                      0x0000347b   Thumb Code    58  bsp_tm4c.o(.text)
    BSP_TempSensor_Init                      0x000034b5   Thumb Code    76  bsp_tm4c.o(.text)
    BSP_TempSensor_Input                     0x00003557   Thumb Code    56  bsp_tm4c.o(.text)
    BSP_TempSensor_Start                     0x0000358f   Thumb Code    22  bsp_tm4c.o(.text)
    BSP_TempSensor_End                       0x000035a5   Thumb Code    70  bsp_tm4c.o(.text)
    OS_Suspend                               0x00003639   Thumb Code    18  os_core.o(.text)
    OS_Signal                                0x0000364b   Thumb Code    46  os_core.o(.text)
    OS_Init                                  0x000036e7   Thumb Code    36  os_core.o(.text)
    SetInitialStack                          0x0000370b   Thumb Code   328  os_core.o(.text)
    OS_AddThreads                            0x00003853   Thumb Code   274  os_core.o(.text)
    OS_Launch                                0x00003965   Thumb Code    52  os_core.o(.text)
    Scheduler                                0x00003999   Thumb Code    42  os_core.o(.text)
    OS_Sleep                                 0x000039c3   Thumb Code    16  os_core.o(.text)
    OS_InitSemaphore                         0x000039d3   Thumb Code     4  os_core.o(.text)
    OS_Wait                                  0x000039d7   Thumb Code    74  os_core.o(.text)
    OS_FIFO_Init                             0x00003a21   Thumb Code    36  os_core.o(.text)
    OS_FIFO_Put                              0x00003a45   Thumb Code    64  os_core.o(.text)
    OS_FIFO_Get                              0x00003a85   Thumb Code    60  os_core.o(.text)
    OS_AddPeriodicEventThread                0x00003ac1   Thumb Code    76  os_core.o(.text)
    GPIOPortD_Handler                        0x00003b15   Thumb Code   256  os_hw.o(.text)
    GPIOPortF_Handler                        0x00003c15   Thumb Code   166  os_hw.o(.text)
    OS_EdgeTrigger_Init                      0x00003cbb   Thumb Code   324  os_hw.o(.text)
    OS_EdgeTrigger_Restart                   0x00003dff   Thumb Code    70  os_hw.o(.text)
    SysTick_Handler                          0x00003e69   Thumb Code     0  osasm.o(.text)
    StartOS                                  0x00003e8f   Thumb Code     0  osasm.o(.text)
    __use_two_region_memory                  0x00003eb1   Thumb Code     2  heapauxi.o(.text)
    __rt_heap_escrow$2region                 0x00003eb3   Thumb Code     2  heapauxi.o(.text)
    __rt_heap_expand$2region                 0x00003eb5   Thumb Code     2  heapauxi.o(.text)
    __user_setup_stackheap                   0x00003eb7   Thumb Code    74  sys_stackheap_outer.o(.text)
    exit                                     0x00003f01   Thumb Code    18  exit.o(.text)
    __user_libspace                          0x00003f15   Thumb Code     8  libspace.o(.text)
    __user_perproc_libspace                  0x00003f15   Thumb Code     0  libspace.o(.text)
    __user_perthread_libspace                0x00003f15   Thumb Code     0  libspace.o(.text)
    _sys_exit                                0x00003f1d   Thumb Code     8  sys_exit.o(.text)
    __I$use$semihosting                      0x00003f29   Thumb Code     0  use_no_semi.o(.text)
    __use_no_semihosting_swi                 0x00003f29   Thumb Code     2  use_no_semi.o(.text)
    ADCIntClear                              0x00003f2b   Thumb Code    10  adc.o(i.ADCIntClear)
    __semihosting_library_function           0x00003f2b   Thumb Code     0  indicate_semi.o(.text)
    ADCIntDisable                            0x00003f35   Thumb Code    16  adc.o(i.ADCIntDisable)
    ADCIntEnable                             0x00003f45   Thumb Code    16  adc.o(i.ADCIntEnable)
    ADCIntStatus                             0x00003f55   Thumb Code    52  adc.o(i.ADCIntStatus)
    ADCProcessorTrigger                      0x00003f89   Thumb Code    26  adc.o(i.ADCProcessorTrigger)
    ADCSequenceConfigure                     0x00003fa3   Thumb Code    78  adc.o(i.ADCSequenceConfigure)
    ADCSequenceDataGet                       0x00003ff1   Thumb Code    36  adc.o(i.ADCSequenceDataGet)
    ADCSequenceDisable                       0x00004015   Thumb Code    16  adc.o(i.ADCSequenceDisable)
    ADCSequenceEnable                        0x00004025   Thumb Code    14  adc.o(i.ADCSequenceEnable)
    ADCSequenceStepConfigure                 0x00004033   Thumb Code   154  adc.o(i.ADCSequenceStepConfigure)
    ComparatorIntClear                       0x000040cd   Thumb Code    10  comp.o(i.ComparatorIntClear)
    ComparatorIntStatus                      0x000040d7   Thumb Code    22  comp.o(i.ComparatorIntStatus)
    GPIODirModeSet                           0x000040ed   Thumb Code    40  gpio.o(i.GPIODirModeSet)
    GPIOIntClear                             0x00004115   Thumb Code     6  gpio.o(i.GPIOIntClear)
    GPIOIntDisable                           0x0000411b   Thumb Code    14  gpio.o(i.GPIOIntDisable)
    GPIOIntEnable                            0x00004129   Thumb Code    14  gpio.o(i.GPIOIntEnable)
    GPIOIntStatus                            0x00004137   Thumb Code    14  gpio.o(i.GPIOIntStatus)
    GPIOIntTypeSet                           0x00004145   Thumb Code    80  gpio.o(i.GPIOIntTypeSet)
    GPIOPadConfigSet                         0x00004195   Thumb Code   314  gpio.o(i.GPIOPadConfigSet)
    GPIOPinConfigure                         0x000042d1   Thumb Code    64  gpio.o(i.GPIOPinConfigure)
    GPIOPinRead                              0x00004319   Thumb Code     6  gpio.o(i.GPIOPinRead)
    GPIOPinTypeADC                           0x0000431f   Thumb Code    28  gpio.o(i.GPIOPinTypeADC)
    GPIOPinTypeGPIOInput                     0x0000433b   Thumb Code    28  gpio.o(i.GPIOPinTypeGPIOInput)
    GPIOPinTypeGPIOOutput                    0x00004357   Thumb Code    28  gpio.o(i.GPIOPinTypeGPIOOutput)
    GPIOPinTypePWM                           0x00004373   Thumb Code    28  gpio.o(i.GPIOPinTypePWM)
    GPIOPinTypeSSI                           0x0000438f   Thumb Code    28  gpio.o(i.GPIOPinTypeSSI)
    GPIOPinWrite                             0x000043ab   Thumb Code     6  gpio.o(i.GPIOPinWrite)
    IntDisable                               0x000043b1   Thumb Code    92  interrupt.o(i.IntDisable)
    IntEnable                                0x00004415   Thumb Code    92  interrupt.o(i.IntEnable)
    IntMasterDisable                         0x00004479   Thumb Code    14  interrupt.o(i.IntMasterDisable)
    IntMasterEnable                          0x00004487   Thumb Code    14  interrupt.o(i.IntMasterEnable)
    IntPrioritySet                           0x00004495   Thumb Code    36  interrupt.o(i.IntPrioritySet)
    PWMGenConfigure                          0x000044bd   Thumb Code    38  pwm.o(i.PWMGenConfigure)
    PWMGenDisable                            0x000044e3   Thumb Code    10  pwm.o(i.PWMGenDisable)
    PWMGenEnable                             0x000044ed   Thumb Code    10  pwm.o(i.PWMGenEnable)
    PWMGenPeriodGet                          0x000044f7   Thumb Code    18  pwm.o(i.PWMGenPeriodGet)
    PWMGenPeriodSet                          0x00004509   Thumb Code    18  pwm.o(i.PWMGenPeriodSet)
    PWMOutputState                           0x0000451b   Thumb Code    16  pwm.o(i.PWMOutputState)
    PWMPulseWidthSet                         0x0000452b   Thumb Code    32  pwm.o(i.PWMPulseWidthSet)
    SSIClockSourceSet                        0x0000454b   Thumb Code     6  ssi.o(i.SSIClockSourceSet)
    SSIConfigSetExpClk                       0x00004551   Thumb Code    58  ssi.o(i.SSIConfigSetExpClk)
    SSIDataPut                               0x0000458b   Thumb Code    12  ssi.o(i.SSIDataPut)
    SSIDisable                               0x00004597   Thumb Code    10  ssi.o(i.SSIDisable)
    SSIEnable                                0x000045a1   Thumb Code    10  ssi.o(i.SSIEnable)
    SysCtlClockGet                           0x000045ad   Thumb Code   304  sysctl.o(i.SysCtlClockGet)
    SysCtlPWMClockSet                        0x00004701   Thumb Code    14  sysctl.o(i.SysCtlPWMClockSet)
    SysCtlPeripheralDisable                  0x00004715   Thumb Code    36  sysctl.o(i.SysCtlPeripheralDisable)
    SysCtlPeripheralEnable                   0x0000473d   Thumb Code    36  sysctl.o(i.SysCtlPeripheralEnable)
    SysCtlPeripheralReady                    0x00004765   Thumb Code    40  sysctl.o(i.SysCtlPeripheralReady)
    TimerClockSourceSet                      0x00004791   Thumb Code     6  timer.o(i.TimerClockSourceSet)
    TimerConfigure                           0x00004799   Thumb Code    88  timer.o(i.TimerConfigure)
    TimerDisable                             0x000047f9   Thumb Code    16  timer.o(i.TimerDisable)
    TimerEnable                              0x00004809   Thumb Code    14  timer.o(i.TimerEnable)
    TimerIntDisable                          0x00004817   Thumb Code    10  timer.o(i.TimerIntDisable)
    TimerIntEnable                           0x00004821   Thumb Code     8  timer.o(i.TimerIntEnable)
    TimerLoadSet                             0x00004829   Thumb Code    18  timer.o(i.TimerLoadSet)
    __aeabi_dadd                             0x0000483d   Thumb Code     0  daddsub_clz.o(x$fpl$dadd)
    _dadd                                    0x0000483d   Thumb Code   332  daddsub_clz.o(x$fpl$dadd)
    __aeabi_ddiv                             0x0000498d   Thumb Code     0  ddiv.o(x$fpl$ddiv)
    _ddiv                                    0x0000498d   Thumb Code   552  ddiv.o(x$fpl$ddiv)
    __aeabi_d2uiz                            0x00004c3d   Thumb Code     0  dfixu.o(x$fpl$dfixu)
    _dfixu                                   0x00004c3d   Thumb Code    90  dfixu.o(x$fpl$dfixu)
    __aeabi_ui2d                             0x00004c97   Thumb Code     0  dflt_clz.o(x$fpl$dfltu)
    _dfltu                                   0x00004c97   Thumb Code    38  dflt_clz.o(x$fpl$dfltu)
    __aeabi_dmul                             0x00004cbd   Thumb Code     0  dmul.o(x$fpl$dmul)
    _dmul                                    0x00004cbd   Thumb Code   332  dmul.o(x$fpl$dmul)
    __fpl_dnaninf                            0x00004e11   Thumb Code   156  dnaninf.o(x$fpl$dnaninf)
    __fpl_dretinf                            0x00004ead   Thumb Code    12  dretinf.o(x$fpl$dretinf)
    __aeabi_drsub                            0x00004eb9   Thumb Code     0  daddsub_clz.o(x$fpl$drsb)
    _drsb                                    0x00004eb9   Thumb Code    22  daddsub_clz.o(x$fpl$drsb)
    __aeabi_dsub                             0x00004ed1   Thumb Code     0  daddsub_clz.o(x$fpl$dsub)
    _dsub                                    0x00004ed1   Thumb Code   464  daddsub_clz.o(x$fpl$dsub)
    _fp_init                                 0x000050a5   Thumb Code    10  fpinit.o(x$fpl$fpinit)
    __fplib_config_fpu_vfp                   0x000050ad   Thumb Code     0  fpinit.o(x$fpl$fpinit)
    __fplib_config_pureend_doubles           0x000050ad   Thumb Code     0  fpinit.o(x$fpl$fpinit)
    __I$use$fp                               0x000050ae   Number         0  usenofp.o(x$fpl$usenofp)
    Region$$Table$$Base                      0x00006a9c   Number         0  anon$$obj.o(Region$$Table)
    Region$$Table$$Limit                     0x00006abc   Number         0  anon$$obj.o(Region$$Table)
    GPIO_LS_needed                           0x20000000   Data           1  main.o(.data)
    GPIO_PF0_SW2_Pressed                     0x20000001   Data           1  main.o(.data)
    GPIO_PF4_SW1_Pressed                     0x20000002   Data           1  main.o(.data)
    comp0_interrupt_flag                     0x20000008   Data           4  interrupt_handler.o(.data)
    X_acceleration                           0x2000000c   Data           4  interrupt_handler.o(.data)
    Y_acceleration                           0x20000010   Data           4  interrupt_handler.o(.data)
    Z_acceleration                           0x20000014   Data           4  interrupt_handler.o(.data)
    motor_parameters                         0x20000018   Data           3  motion_handler.o(.data)
    print_flag                               0x2000001c   Data           1  printing_handler.o(.data)
    StX                                      0x20000028   Data           4  bsp_tm4c.o(.data)
    StY                                      0x2000002c   Data           4  bsp_tm4c.o(.data)
    StTextColor                              0x20000030   Data           2  bsp_tm4c.o(.data)
    Messageindex                             0x20000038   Data           4  bsp_tm4c.o(.data)
    TimeIndex                                0x2000003c   Data           4  bsp_tm4c.o(.data)
    Ymax                                     0x20000040   Data           4  bsp_tm4c.o(.data)
    Ymin                                     0x20000044   Data           4  bsp_tm4c.o(.data)
    Yrange                                   0x20000048   Data           4  bsp_tm4c.o(.data)
    PlotBGColor                              0x2000004c   Data           2  bsp_tm4c.o(.data)
    PeriodicTask                             0x20000050   Data           4  bsp_tm4c.o(.data)
    PeriodicTaskB                            0x20000054   Data           4  bsp_tm4c.o(.data)
    PeriodicTaskC                            0x20000058   Data           4  bsp_tm4c.o(.data)
    LightBusy                                0x2000005c   Data           4  bsp_tm4c.o(.data)
    TempBusy                                 0x20000060   Data           4  bsp_tm4c.o(.data)
    RunPt                                    0x20000064   Data           4  os_core.o(.data)
    Periodic_Event_Nr                        0x20000068   Data           1  os_core.o(.data)
    FifoADC_Temp                             0x2000006c   Data          56  main.o(.bss)
    FifoADC_MxLight                          0x200000a4   Data          56  main.o(.bss)
    FifoADC_LxLight                          0x200000dc   Data          56  main.o(.bss)
    FifoADC_RxLight                          0x20000114   Data          56  main.o(.bss)
    Message                                  0x2000014c   Data          12  bsp_tm4c.o(.bss)
    tcbs                                     0x20000158   Data         160  os_core.o(.bss)
    Stacks                                   0x200001f8   Data        3200  os_core.o(.bss)
    PerTask                                  0x20000e78   Data          36  os_core.o(.bss)
    SemPortA                                 0x20000e9c   Data          32  os_hw.o(.bss)
    SemPortB                                 0x20000ebc   Data          32  os_hw.o(.bss)
    SemPortC                                 0x20000edc   Data          32  os_hw.o(.bss)
    SemPortD                                 0x20000efc   Data          32  os_hw.o(.bss)
    SemPortE                                 0x20000f1c   Data          32  os_hw.o(.bss)
    SemPortF                                 0x20000f3c   Data          32  os_hw.o(.bss)
    __libspace_start                         0x20000f5c   Data          96  libspace.o(.bss)
    __temporary_stack_top$libspace           0x20000fbc   Data           0  libspace.o(.bss)



==============================================================================

Memory Map of the image

  Image Entry point : 0x0000033d

  Load Region LR_1 (Base: 0x00000000, Size: 0x00006b28, Max: 0xffffffff, ABSOLUTE)

    Execution Region ER_RO (Base: 0x00000000, Size: 0x00006abc, Max: 0xffffffff, ABSOLUTE)

    Base Addr    Size         Type   Attr      Idx    E Section Name        Object

    0x00000000   0x0000026c   Data   RO            3    RESET               startup_new.o
    0x0000026c   0x00000008   Code   RO         2561  * !!!main             c_w.l(__main.o)
    0x00000274   0x00000034   Code   RO         2745    !!!scatter          c_w.l(__scatter.o)
    0x000002a8   0x0000001a   Code   RO         2747    !!handler_copy      c_w.l(__scatter_copy.o)
    0x000002c2   0x00000002   PAD
    0x000002c4   0x0000001c   Code   RO         2749    !!handler_zi        c_w.l(__scatter_zi.o)
    0x000002e0   0x00000002   Code   RO         2615    .ARM.Collect$$libinit$$00000000  c_w.l(libinit.o)
    0x000002e2   0x00000004   Code   RO         2621    .ARM.Collect$$libinit$$00000001  c_w.l(libinit2.o)
    0x000002e6   0x00000000   Code   RO         2624    .ARM.Collect$$libinit$$00000004  c_w.l(libinit2.o)
    0x000002e6   0x00000000   Code   RO         2627    .ARM.Collect$$libinit$$0000000A  c_w.l(libinit2.o)
    0x000002e6   0x00000000   Code   RO         2629    .ARM.Collect$$libinit$$0000000C  c_w.l(libinit2.o)
    0x000002e6   0x00000000   Code   RO         2631    .ARM.Collect$$libinit$$0000000E  c_w.l(libinit2.o)
    0x000002e6   0x00000000   Code   RO         2634    .ARM.Collect$$libinit$$00000011  c_w.l(libinit2.o)
    0x000002e6   0x00000000   Code   RO         2636    .ARM.Collect$$libinit$$00000013  c_w.l(libinit2.o)
    0x000002e6   0x00000000   Code   RO         2638    .ARM.Collect$$libinit$$00000015  c_w.l(libinit2.o)
    0x000002e6   0x00000000   Code   RO         2640    .ARM.Collect$$libinit$$00000017  c_w.l(libinit2.o)
    0x000002e6   0x00000000   Code   RO         2642    .ARM.Collect$$libinit$$00000019  c_w.l(libinit2.o)
    0x000002e6   0x00000000   Code   RO         2644    .ARM.Collect$$libinit$$0000001B  c_w.l(libinit2.o)
    0x000002e6   0x00000000   Code   RO         2646    .ARM.Collect$$libinit$$0000001D  c_w.l(libinit2.o)
    0x000002e6   0x00000000   Code   RO         2648    .ARM.Collect$$libinit$$0000001F  c_w.l(libinit2.o)
    0x000002e6   0x00000000   Code   RO         2650    .ARM.Collect$$libinit$$00000021  c_w.l(libinit2.o)
    0x000002e6   0x00000000   Code   RO         2652    .ARM.Collect$$libinit$$00000023  c_w.l(libinit2.o)
    0x000002e6   0x00000000   Code   RO         2654    .ARM.Collect$$libinit$$00000025  c_w.l(libinit2.o)
    0x000002e6   0x00000000   Code   RO         2658    .ARM.Collect$$libinit$$0000002C  c_w.l(libinit2.o)
    0x000002e6   0x00000000   Code   RO         2660    .ARM.Collect$$libinit$$0000002E  c_w.l(libinit2.o)
    0x000002e6   0x00000000   Code   RO         2662    .ARM.Collect$$libinit$$00000030  c_w.l(libinit2.o)
    0x000002e6   0x00000000   Code   RO         2664    .ARM.Collect$$libinit$$00000032  c_w.l(libinit2.o)
    0x000002e6   0x00000002   Code   RO         2665    .ARM.Collect$$libinit$$00000033  c_w.l(libinit2.o)
    0x000002e8   0x00000002   Code   RO         2685    .ARM.Collect$$libshutdown$$00000000  c_w.l(libshutdown.o)
    0x000002ea   0x00000000   Code   RO         2698    .ARM.Collect$$libshutdown$$00000002  c_w.l(libshutdown2.o)
    0x000002ea   0x00000000   Code   RO         2700    .ARM.Collect$$libshutdown$$00000004  c_w.l(libshutdown2.o)
    0x000002ea   0x00000000   Code   RO         2703    .ARM.Collect$$libshutdown$$00000007  c_w.l(libshutdown2.o)
    0x000002ea   0x00000000   Code   RO         2706    .ARM.Collect$$libshutdown$$0000000A  c_w.l(libshutdown2.o)
    0x000002ea   0x00000000   Code   RO         2708    .ARM.Collect$$libshutdown$$0000000C  c_w.l(libshutdown2.o)
    0x000002ea   0x00000000   Code   RO         2711    .ARM.Collect$$libshutdown$$0000000F  c_w.l(libshutdown2.o)
    0x000002ea   0x00000002   Code   RO         2712    .ARM.Collect$$libshutdown$$00000010  c_w.l(libshutdown2.o)
    0x000002ec   0x00000000   Code   RO         2585    .ARM.Collect$$rtentry$$00000000  c_w.l(__rtentry.o)
    0x000002ec   0x00000000   Code   RO         2592    .ARM.Collect$$rtentry$$00000002  c_w.l(__rtentry2.o)
    0x000002ec   0x00000006   Code   RO         2604    .ARM.Collect$$rtentry$$00000004  c_w.l(__rtentry4.o)
    0x000002f2   0x00000000   Code   RO         2594    .ARM.Collect$$rtentry$$00000009  c_w.l(__rtentry2.o)
    0x000002f2   0x00000004   Code   RO         2595    .ARM.Collect$$rtentry$$0000000A  c_w.l(__rtentry2.o)
    0x000002f6   0x00000000   Code   RO         2597    .ARM.Collect$$rtentry$$0000000C  c_w.l(__rtentry2.o)
    0x000002f6   0x00000008   Code   RO         2598    .ARM.Collect$$rtentry$$0000000D  c_w.l(__rtentry2.o)
    0x000002fe   0x00000002   Code   RO         2619    .ARM.Collect$$rtexit$$00000000  c_w.l(rtexit.o)
    0x00000300   0x00000000   Code   RO         2667    .ARM.Collect$$rtexit$$00000002  c_w.l(rtexit2.o)
    0x00000300   0x00000004   Code   RO         2668    .ARM.Collect$$rtexit$$00000003  c_w.l(rtexit2.o)
    0x00000304   0x00000006   Code   RO         2669    .ARM.Collect$$rtexit$$00000004  c_w.l(rtexit2.o)
    0x0000030a   0x00000002   PAD
    0x0000030c   0x00000006   Code   RO          391    .emb_text           bsp_tm4c.o
    0x00000312   0x00000002   PAD
    0x00000314   0x00000026   Code   RO         2547    .emb_text           driverlib.lib(cpu.o)
    0x0000033a   0x00000002   PAD
    0x0000033c   0x00000058   Code   RO            4  * .text               startup_new.o
    0x00000394   0x000001a4   Code   RO           10    .text               main.o
    0x00000538   0x0000030c   Code   RO           79    .text               adc_handler.o
    0x00000844   0x00000058   Code   RO          116    .text               cyclic_activity_handler.o
    0x0000089c   0x0000013c   Code   RO          146    .text               gpio_handler.o
    0x000009d8   0x00000040   Code   RO          163    .text               interrupt_handler.o
    0x00000a18   0x000002c8   Code   RO          187    .text               lcd_handler.o
    0x00000ce0   0x00000220   Code   RO          216    .text               motion_handler.o
    0x00000f00   0x00000178   Code   RO          235    .text               printing_handler.o
    0x00001078   0x000002cc   Code   RO          255    .text               pwm_handler.o
    0x00001344   0x000000cc   Code   RO          274    .text               ssi_handler.o
    0x00001410   0x00000128   Code   RO          319    .text               timer_handler.o
    0x00001538   0x000020cc   Code   RO          392    .text               bsp_tm4c.o
    0x00003604   0x00000510   Code   RO          418    .text               os_core.o
    0x00003b14   0x00000354   Code   RO          443    .text               os_hw.o
    0x00003e68   0x00000048   Code   RO          458    .text               osasm.o
    0x00003eb0   0x00000006   Code   RO         2559    .text               c_w.l(heapauxi.o)
    0x00003eb6   0x0000004a   Code   RO         2606    .text               c_w.l(sys_stackheap_outer.o)
    0x00003f00   0x00000012   Code   RO         2608    .text               c_w.l(exit.o)
    0x00003f12   0x00000002   PAD
    0x00003f14   0x00000008   Code   RO         2616    .text               c_w.l(libspace.o)
    0x00003f1c   0x0000000c   Code   RO         2677    .text               c_w.l(sys_exit.o)
    0x00003f28   0x00000002   Code   RO         2688    .text               c_w.l(use_no_semi.o)
    0x00003f2a   0x00000000   Code   RO         2690    .text               c_w.l(indicate_semi.o)
    0x00003f2a   0x0000000a   Code   RO          472    i.ADCIntClear       driverlib.lib(adc.o)
    0x00003f34   0x00000010   Code   RO          474    i.ADCIntDisable     driverlib.lib(adc.o)
    0x00003f44   0x00000010   Code   RO          476    i.ADCIntEnable      driverlib.lib(adc.o)
    0x00003f54   0x00000034   Code   RO          479    i.ADCIntStatus      driverlib.lib(adc.o)
    0x00003f88   0x0000001a   Code   RO          484    i.ADCProcessorTrigger  driverlib.lib(adc.o)
    0x00003fa2   0x0000004e   Code   RO          487    i.ADCSequenceConfigure  driverlib.lib(adc.o)
    0x00003ff0   0x00000024   Code   RO          490    i.ADCSequenceDataGet  driverlib.lib(adc.o)
    0x00004014   0x00000010   Code   RO          491    i.ADCSequenceDisable  driverlib.lib(adc.o)
    0x00004024   0x0000000e   Code   RO          492    i.ADCSequenceEnable  driverlib.lib(adc.o)
    0x00004032   0x0000009a   Code   RO          495    i.ADCSequenceStepConfigure  driverlib.lib(adc.o)
    0x000040cc   0x0000000a   Code   RO          740    i.ComparatorIntClear  driverlib.lib(comp.o)
    0x000040d6   0x00000016   Code   RO          744    i.ComparatorIntStatus  driverlib.lib(comp.o)
    0x000040ec   0x00000028   Code   RO          825    i.GPIODirModeSet    driverlib.lib(gpio.o)
    0x00004114   0x00000006   Code   RO          826    i.GPIOIntClear      driverlib.lib(gpio.o)
    0x0000411a   0x0000000e   Code   RO          827    i.GPIOIntDisable    driverlib.lib(gpio.o)
    0x00004128   0x0000000e   Code   RO          828    i.GPIOIntEnable     driverlib.lib(gpio.o)
    0x00004136   0x0000000e   Code   RO          830    i.GPIOIntStatus     driverlib.lib(gpio.o)
    0x00004144   0x00000050   Code   RO          832    i.GPIOIntTypeSet    driverlib.lib(gpio.o)
    0x00004194   0x0000013a   Code   RO          835    i.GPIOPadConfigSet  driverlib.lib(gpio.o)
    0x000042ce   0x00000002   PAD
    0x000042d0   0x00000048   Code   RO          836    i.GPIOPinConfigure  driverlib.lib(gpio.o)
    0x00004318   0x00000006   Code   RO          837    i.GPIOPinRead       driverlib.lib(gpio.o)
    0x0000431e   0x0000001c   Code   RO          838    i.GPIOPinTypeADC    driverlib.lib(gpio.o)
    0x0000433a   0x0000001c   Code   RO          846    i.GPIOPinTypeGPIOInput  driverlib.lib(gpio.o)
    0x00004356   0x0000001c   Code   RO          847    i.GPIOPinTypeGPIOOutput  driverlib.lib(gpio.o)
    0x00004372   0x0000001c   Code   RO          858    i.GPIOPinTypePWM    driverlib.lib(gpio.o)
    0x0000438e   0x0000001c   Code   RO          860    i.GPIOPinTypeSSI    driverlib.lib(gpio.o)
    0x000043aa   0x00000006   Code   RO          868    i.GPIOPinWrite      driverlib.lib(gpio.o)
    0x000043b0   0x00000064   Code   RO         1462    i.IntDisable        driverlib.lib(interrupt.o)
    0x00004414   0x00000064   Code   RO         1463    i.IntEnable         driverlib.lib(interrupt.o)
    0x00004478   0x0000000e   Code   RO         1465    i.IntMasterDisable  driverlib.lib(interrupt.o)
    0x00004486   0x0000000e   Code   RO         1466    i.IntMasterEnable   driverlib.lib(interrupt.o)
    0x00004494   0x00000028   Code   RO         1474    i.IntPrioritySet    driverlib.lib(interrupt.o)
    0x000044bc   0x00000026   Code   RO         1586    i.PWMGenConfigure   driverlib.lib(pwm.o)
    0x000044e2   0x0000000a   Code   RO         1587    i.PWMGenDisable     driverlib.lib(pwm.o)
    0x000044ec   0x0000000a   Code   RO         1588    i.PWMGenEnable      driverlib.lib(pwm.o)
    0x000044f6   0x00000012   Code   RO         1600    i.PWMGenPeriodGet   driverlib.lib(pwm.o)
    0x00004508   0x00000012   Code   RO         1601    i.PWMGenPeriodSet   driverlib.lib(pwm.o)
    0x0000451a   0x00000010   Code   RO         1608    i.PWMOutputState    driverlib.lib(pwm.o)
    0x0000452a   0x00000020   Code   RO         1611    i.PWMPulseWidthSet  driverlib.lib(pwm.o)
    0x0000454a   0x00000006   Code   RO         1818    i.SSIClockSourceSet  driverlib.lib(ssi.o)
    0x00004550   0x0000003a   Code   RO         1819    i.SSIConfigSetExpClk  driverlib.lib(ssi.o)
    0x0000458a   0x0000000c   Code   RO         1824    i.SSIDataPut        driverlib.lib(ssi.o)
    0x00004596   0x0000000a   Code   RO         1826    i.SSIDisable        driverlib.lib(ssi.o)
    0x000045a0   0x0000000a   Code   RO         1827    i.SSIEnable         driverlib.lib(ssi.o)
    0x000045aa   0x00000002   PAD
    0x000045ac   0x00000154   Code   RO         1966    i.SysCtlClockGet    driverlib.lib(sysctl.o)
    0x00004700   0x00000014   Code   RO         1992    i.SysCtlPWMClockSet  driverlib.lib(sysctl.o)
    0x00004714   0x00000028   Code   RO         1996    i.SysCtlPeripheralDisable  driverlib.lib(sysctl.o)
    0x0000473c   0x00000028   Code   RO         1997    i.SysCtlPeripheralEnable  driverlib.lib(sysctl.o)
    0x00004764   0x0000002c   Code   RO         2001    i.SysCtlPeripheralReady  driverlib.lib(sysctl.o)
    0x00004790   0x00000006   Code   RO         2308    i.TimerClockSourceSet  driverlib.lib(timer.o)
    0x00004796   0x00000002   PAD
    0x00004798   0x00000060   Code   RO         2309    i.TimerConfigure    driverlib.lib(timer.o)
    0x000047f8   0x00000010   Code   RO         2317    i.TimerDisable      driverlib.lib(timer.o)
    0x00004808   0x0000000e   Code   RO         2318    i.TimerEnable       driverlib.lib(timer.o)
    0x00004816   0x0000000a   Code   RO         2320    i.TimerIntDisable   driverlib.lib(timer.o)
    0x00004820   0x00000008   Code   RO         2321    i.TimerIntEnable    driverlib.lib(timer.o)
    0x00004828   0x00000012   Code   RO         2327    i.TimerLoadSet      driverlib.lib(timer.o)
    0x0000483a   0x00000002   PAD
    0x0000483c   0x00000150   Code   RO         2563    x$fpl$dadd          fz_wm.l(daddsub_clz.o)
    0x0000498c   0x000002b0   Code   RO         2570    x$fpl$ddiv          fz_wm.l(ddiv.o)
    0x00004c3c   0x0000005a   Code   RO         2573    x$fpl$dfixu         fz_wm.l(dfixu.o)
    0x00004c96   0x00000026   Code   RO         2577    x$fpl$dfltu         fz_wm.l(dflt_clz.o)
    0x00004cbc   0x00000154   Code   RO         2583    x$fpl$dmul          fz_wm.l(dmul.o)
    0x00004e10   0x0000009c   Code   RO         2586    x$fpl$dnaninf       fz_wm.l(dnaninf.o)
    0x00004eac   0x0000000c   Code   RO         2588    x$fpl$dretinf       fz_wm.l(dretinf.o)
    0x00004eb8   0x00000016   Code   RO         2564    x$fpl$drsb          fz_wm.l(daddsub_clz.o)
    0x00004ece   0x00000002   PAD
    0x00004ed0   0x000001d4   Code   RO         2565    x$fpl$dsub          fz_wm.l(daddsub_clz.o)
    0x000050a4   0x0000000a   Code   RO         2675    x$fpl$fpinit        fz_wm.l(fpinit.o)
    0x000050ae   0x00000000   Code   RO         2590    x$fpl$usenofp       fz_wm.l(usenofp.o)
    0x000050ae   0x000007c8   Data   RO          188    .constdata          lcd_handler.o
    0x00005876   0x000007c8   Data   RO          236    .constdata          printing_handler.o
    0x0000603e   0x0000057b   Data   RO          394    .constdata          bsp_tm4c.o
    0x000065b9   0x00000003   PAD
    0x000065bc   0x00000210   Data   RO          869    .constdata          driverlib.lib(gpio.o)
    0x000067cc   0x0000010c   Data   RO         1479    .constdata          driverlib.lib(interrupt.o)
    0x000068d8   0x000001c4   Data   RO         2018    .constdata          driverlib.lib(sysctl.o)
    0x00006a9c   0x00000020   Data   RO         2743    Region$$Table       anon$$obj.o


    Execution Region ER_RW (Base: 0x20000000, Size: 0x0000006c, Max: 0xffffffff, ABSOLUTE)

    Base Addr    Size         Type   Attr      Idx    E Section Name        Object

    0x20000000   0x00000003   Data   RW           12    .data               main.o
    0x20000003   0x00000001   Data   RW          117    .data               cyclic_activity_handler.o
    0x20000004   0x00000001   Data   RW          147    .data               gpio_handler.o
    0x20000005   0x00000003   PAD
    0x20000008   0x00000010   Data   RW          164    .data               interrupt_handler.o
    0x20000018   0x00000004   Data   RW          217    .data               motion_handler.o
    0x2000001c   0x00000001   Data   RW          237    .data               printing_handler.o
    0x2000001d   0x00000001   Data   RW          256    .data               pwm_handler.o
    0x2000001e   0x00000002   PAD
    0x20000020   0x00000044   Data   RW          395    .data               bsp_tm4c.o
    0x20000064   0x00000005   Data   RW          420    .data               os_core.o


    Execution Region ER_ZI (Base: 0x2000006c, Size: 0x00001154, Max: 0xffffffff, ABSOLUTE)

    Base Addr    Size         Type   Attr      Idx    E Section Name        Object

    0x2000006c   0x000000e0   Zero   RW           11    .bss                main.o
    0x2000014c   0x0000000c   Zero   RW          393    .bss                bsp_tm4c.o
    0x20000158   0x00000d44   Zero   RW          419    .bss                os_core.o
    0x20000e9c   0x000000c0   Zero   RW          444    .bss                os_hw.o
    0x20000f5c   0x00000060   Zero   RW         2617    .bss                c_w.l(libspace.o)
    0x20000fbc   0x00000004   PAD
    0x20000fc0   0x00000000   Zero   RW            2    HEAP                startup_new.o
    0x20000fc0   0x00000200   Zero   RW            1    STACK               startup_new.o


==============================================================================

Image component sizes


      Code (inc. data)   RO Data    RW Data    ZI Data      Debug   Object Name

       780         76          0          0          0       1672   adc_handler.o
      8402        450       1403         68         12      25288   bsp_tm4c.o
        88         14          0          1          0       1834   cyclic_activity_handler.o
       316         24          0          1          0       1783   gpio_handler.o
        64         10          0         16          0       1525   interrupt_handler.o
       712         20       1992          0          0       2837   lcd_handler.o
       420         40          0          3        224       7287   main.o
       544         34          0          4          0       2285   motion_handler.o
      1296         42          0          5       3396       7540   os_core.o
       852         48          0          0        192       2229   os_hw.o
        72          4          0          0          0        256   osasm.o
       376         86       1992          1          0       1238   printing_handler.o
       716         44          0          1          0       2295   pwm_handler.o
       204         38          0          0          0        945   ssi_handler.o
        88         12        620          0        512        832   startup_new.o
       296         16          0          0          0       1517   timer_handler.o

    ----------------------------------------------------------------------
     15228        958       6042        108       4336      61363   Object Totals
         0          0         32          0          0          0   (incl. Generated)
         2          0          3          8          0          0   (incl. Padding)

    ----------------------------------------------------------------------

      Code (inc. data)   RO Data    RW Data    ZI Data      Debug   Library Member Name

         8          0          0          0          0         68   __main.o
         0          0          0          0          0          0   __rtentry.o
        12          0          0          0          0          0   __rtentry2.o
         6          0          0          0          0          0   __rtentry4.o
        52          8          0          0          0          0   __scatter.o
        26          0          0          0          0          0   __scatter_copy.o
        28          0          0          0          0          0   __scatter_zi.o
        18          0          0          0          0         80   exit.o
         6          0          0          0          0        152   heapauxi.o
         0          0          0          0          0          0   indicate_semi.o
         2          0          0          0          0          0   libinit.o
         6          0          0          0          0          0   libinit2.o
         2          0          0          0          0          0   libshutdown.o
         2          0          0          0          0          0   libshutdown2.o
         8          4          0          0         96         68   libspace.o
         2          0          0          0          0          0   rtexit.o
        10          0          0          0          0          0   rtexit2.o
        12          4          0          0          0         68   sys_exit.o
        74          0          0          0          0         80   sys_stackheap_outer.o
         2          0          0          0          0         68   use_no_semi.o
       418          0          0          0          0       9010   adc.o
        32          0          0          0          0       1019   comp.o
        38          0          0          0          0        532   cpu.o
       706          8        528          0          0       8719   gpio.o
       268         20        268          0          0       3435   interrupt.o
       142          0          0          0          0       3421   pwm.o
        96          0          0          0          0       2483   ssi.o
       484         54        452          0          0       4352   sysctl.o
       168          8          0          0          0       3346   timer.o
       826         16          0          0          0        492   daddsub_clz.o
       688        140          0          0          0        256   ddiv.o
        90          4          0          0          0        140   dfixu.o
        38          0          0          0          0        116   dflt_clz.o
       340         12          0          0          0        152   dmul.o
       156          4          0          0          0        140   dnaninf.o
        12          0          0          0          0        116   dretinf.o
        10          0          0          0          0        116   fpinit.o
         0          0          0          0          0          0   usenofp.o

    ----------------------------------------------------------------------
      4806        282       1248          0        100      38429   Library Totals
        18          0          0          0          4          0   (incl. Padding)

    ----------------------------------------------------------------------

      Code (inc. data)   RO Data    RW Data    ZI Data      Debug   Library Name

       276         16          0          0         96        584   c_w.l
      2352         90       1248          0          0      36317   driverlib.lib
      2160        176          0          0          0       1528   fz_wm.l

    ----------------------------------------------------------------------
      4806        282       1248          0        100      38429   Library Totals

    ----------------------------------------------------------------------

==============================================================================


      Code (inc. data)   RO Data    RW Data    ZI Data      Debug   

     20034       1240       7290        108       4436      91436   Grand Totals
     20034       1240       7290        108       4436      91436   ELF Image Totals
     20034       1240       7290        108          0          0   ROM Totals

==============================================================================

    Total RO  Size (Code + RO Data)                27324 (  26.68kB)
    Total RW  Size (RW Data + ZI Data)              4544 (   4.44kB)
    Total ROM Size (Code + RO Data + RW Data)      27432 (  26.79kB)

==============================================================================

