<html>
<body>
<pre>
<h1>µVision Build Log</h1>
<h2>Project:</h2>
E:\CloudStation\Projects\DROIDBOT\droidbot\Droidbot_SW_v3.uvproj
Project File Date:  07/10/2016

<h2>Output:</h2>
Build target 'Target 1'
creating preprocessor file for i2c_handler.c...
compiling i2c_handler.c...
modules\i2c_handler\i2c_handler.c(30): warning:  #550-D: variable "error_nr" was set but never used
        unsigned char error_nr = 0;
modules\i2c_handler\i2c_handler.c(52): warning:  #550-D: variable "error_nr" was set but never used
        unsigned char error_nr = 0;
modules\i2c_handler\i2c_handler.c: 2 warnings, 0 errors
linking...
Program Size: Code=8208 RO-data=5884 RW-data=44 ZI-data=612  
FromELF: creating hex file...
".\generated_output\Droidbot_SW_v2.axf" - 0 Error(s), 2 Warning(s).
Load "E:\\CloudStation\\Projects\\DROIDBOT\\droidbot\\generated_output\\Droidbot_SW_v2.axf" 
Connecting: Mode=JTAG, Speed=1000000Hz
Erase Done.
Programming Done.
Verify OK.
</pre>
</body>
</html>

creating preprocessor file for motion_handler.c...
compiling motion_handler.c...
creating preprocessor file for system_handler.c...
compiling system_handler.c...
creating preprocessor file for timer_handler.c...
compiling timer_handler.c...
creating preprocessor file for i2c_handler.c...
compiling i2c_handler.c...
modules\i2c_handler\i2c_handler.c(30): warning:  #550-D: variable "error_nr" was set but never used
        unsigned char error_nr;
modules\i2c_handler\i2c_handler.c(53): warning:  #550-D: variable "error_nr" was set but never used
        unsigned char error_nr;
modules\i2c_handler\i2c_handler.c: 2 warnings, 0 errors
creating preprocessor file for accelerometer_handler.c...
compiling accelerometer_handler.c...
creating preprocessor file for compile_switches.c...
compiling compile_switches.c...
linking...
Program Size: Code=8228 RO-data=5884 RW-data=44 ZI-data=612  
FromELF: creating hex file...
".\generated_output\Droidbot_SW_v2.axf" - 0 Error(s), 4 Warning(s).
Load "E:\\CloudStation\\Projects\\DROIDBOT\\droidbot\\generated_output\\Droidbot_SW_v2.axf" 
Connecting: Mode=JTAG, Speed=1000000Hz
Erase Done.
Programming Done.
Verify OK.
